running egg_info
writing ../../build/ros_visuals/ros_visuals.egg-info/PKG-INFO
writing dependency_links to ../../build/ros_visuals/ros_visuals.egg-info/dependency_links.txt
writing entry points to ../../build/ros_visuals/ros_visuals.egg-info/entry_points.txt
writing requirements to ../../build/ros_visuals/ros_visuals.egg-info/requires.txt
writing top-level names to ../../build/ros_visuals/ros_visuals.egg-info/top_level.txt
reading manifest file '../../build/ros_visuals/ros_visuals.egg-info/SOURCES.txt'
writing manifest file '../../build/ros_visuals/ros_visuals.egg-info/SOURCES.txt'
running build
running build_py
running install
running install_lib
running install_data
running install_egg_info
removing '/home/ubuntu/Documents/legged_robots_ws/install/ros_visuals/lib/python3.12/site-packages/ros_visuals-0.0.0-py3.12.egg-info' (and everything under it)
Copying ../../build/ros_visuals/ros_visuals.egg-info to /home/ubuntu/Documents/legged_robots_ws/install/ros_visuals/lib/python3.12/site-packages/ros_visuals-0.0.0-py3.12.egg-info
running install_scripts
Installing coordinate_pub script to /home/ubuntu/Documents/legged_robots_ws/install/ros_visuals/lib/ros_visuals
Installing pub script to /home/ubuntu/Documents/legged_robots_ws/install/ros_visuals/lib/ros_visuals
Installing sub script to /home/ubuntu/Documents/legged_robots_ws/install/ros_visuals/lib/ros_visuals
Installing t12 script to /home/ubuntu/Documents/legged_robots_ws/install/ros_visuals/lib/ros_visuals
writing list of installed files to '/home/ubuntu/Documents/legged_robots_ws/build/ros_visuals/install.log'
