[0.781s] Invoking command in '/home/ubuntu/Documents/legged_robots_ws/src/ros_visuals': PS1=(.venv) \[\e]0;\u@\h: \w\a\]${debian_chroot:+($debian_chroot)}\[\033[01;32m\]\u@\h\[\033[00m\]:\[\033[01;34m\]\w\[\033[00m\]\$ PYTHONPATH=/home/ubuntu/Documents/legged_robots_ws/build/ros_visuals/prefix_override:/usr/lib/python3/dist-packages/colcon_core/task/python/colcon_distutils_commands:/home/ubuntu/Documents/legged_robots_ws/install/ros_visuals/lib/python3.12/site-packages:${PYTHONPATH} VIRTUAL_ENV_PROMPT=(.venv) /usr/bin/python3 -W ignore:setup.py install is deprecated -W ignore:easy_install command is deprecated setup.py egg_info --egg-base ../../build/ros_visuals build --build-base /home/ubuntu/Documents/legged_robots_ws/build/ros_visuals/build install --record /home/ubuntu/Documents/legged_robots_ws/build/ros_visuals/install.log --single-version-externally-managed install_data
[0.904s] running egg_info
[0.922s] writing ../../build/ros_visuals/ros_visuals.egg-info/PKG-INFO
[0.922s] writing dependency_links to ../../build/ros_visuals/ros_visuals.egg-info/dependency_links.txt
[0.922s] writing entry points to ../../build/ros_visuals/ros_visuals.egg-info/entry_points.txt
[0.922s] writing requirements to ../../build/ros_visuals/ros_visuals.egg-info/requires.txt
[0.922s] writing top-level names to ../../build/ros_visuals/ros_visuals.egg-info/top_level.txt
[0.952s] reading manifest file '../../build/ros_visuals/ros_visuals.egg-info/SOURCES.txt'
[0.953s] writing manifest file '../../build/ros_visuals/ros_visuals.egg-info/SOURCES.txt'
[0.953s] running build
[0.953s] running build_py
[0.953s] running install
[0.956s] running install_lib
[0.963s] running install_data
[0.963s] running install_egg_info
[0.971s] removing '/home/ubuntu/Documents/legged_robots_ws/install/ros_visuals/lib/python3.12/site-packages/ros_visuals-0.0.0-py3.12.egg-info' (and everything under it)
[0.972s] Copying ../../build/ros_visuals/ros_visuals.egg-info to /home/ubuntu/Documents/legged_robots_ws/install/ros_visuals/lib/python3.12/site-packages/ros_visuals-0.0.0-py3.12.egg-info
[0.973s] running install_scripts
[1.034s] Installing coordinate_pub script to /home/ubuntu/Documents/legged_robots_ws/install/ros_visuals/lib/ros_visuals
[1.035s] Installing pub script to /home/ubuntu/Documents/legged_robots_ws/install/ros_visuals/lib/ros_visuals
[1.035s] Installing sub script to /home/ubuntu/Documents/legged_robots_ws/install/ros_visuals/lib/ros_visuals
[1.035s] Installing t12 script to /home/ubuntu/Documents/legged_robots_ws/install/ros_visuals/lib/ros_visuals
[1.035s] writing list of installed files to '/home/ubuntu/Documents/legged_robots_ws/build/ros_visuals/install.log'
[1.150s] Invoked command in '/home/ubuntu/Documents/legged_robots_ws/src/ros_visuals' returned '0': PS1=(.venv) \[\e]0;\u@\h: \w\a\]${debian_chroot:+($debian_chroot)}\[\033[01;32m\]\u@\h\[\033[00m\]:\[\033[01;34m\]\w\[\033[00m\]\$ PYTHONPATH=/home/ubuntu/Documents/legged_robots_ws/build/ros_visuals/prefix_override:/usr/lib/python3/dist-packages/colcon_core/task/python/colcon_distutils_commands:/home/ubuntu/Documents/legged_robots_ws/install/ros_visuals/lib/python3.12/site-packages:${PYTHONPATH} VIRTUAL_ENV_PROMPT=(.venv) /usr/bin/python3 -W ignore:setup.py install is deprecated -W ignore:easy_install command is deprecated setup.py egg_info --egg-base ../../build/ros_visuals build --build-base /home/ubuntu/Documents/legged_robots_ws/build/ros_visuals/build install --record /home/ubuntu/Documents/legged_robots_ws/build/ros_visuals/install.log --single-version-externally-managed install_data
