[0.106s] Invoking command in '/home/ubuntu/Documents/legged_robots_ws/build/reemc_description': CMAKE_PREFIX_PATH=${CMAKE_PREFIX_PATH}:/home/ubuntu/Documents/legged_robots_ws/install/simulator:/home/ubuntu/Documents/legged_robots_ws/install/ros_visuals:/home/ubuntu/Documents/legged_robots_ws/install/pybullet_sims:/home/ubuntu/Documents/legged_robots_ws/install/my_robot_tutorials:/home/ubuntu/Documents/legged_robots_ws/install/my_python_libs:/home/ubuntu/Documents/legged_robots_ws/install/my_py_pkg:/home/ubuntu/Documents/legged_robots_ws/install/my_other_python_libs:/opt/ros/rolling PS1=(.venv) \[\e]0;\u@\h: \w\a\]${debian_chroot:+($debian_chroot)}\[\033[01;32m\]\u@\h\[\033[00m\]:\[\033[01;34m\]\w\[\033[00m\]\$ VIRTUAL_ENV_PROMPT=(.venv) /usr/bin/cmake --build /home/ubuntu/Documents/legged_robots_ws/build/reemc_description -- -j10 -l10
[0.445s] Invoked command in '/home/ubuntu/Documents/legged_robots_ws/build/reemc_description' returned '0': CMAKE_PREFIX_PATH=${CMAKE_PREFIX_PATH}:/home/ubuntu/Documents/legged_robots_ws/install/simulator:/home/ubuntu/Documents/legged_robots_ws/install/ros_visuals:/home/ubuntu/Documents/legged_robots_ws/install/pybullet_sims:/home/ubuntu/Documents/legged_robots_ws/install/my_robot_tutorials:/home/ubuntu/Documents/legged_robots_ws/install/my_python_libs:/home/ubuntu/Documents/legged_robots_ws/install/my_py_pkg:/home/ubuntu/Documents/legged_robots_ws/install/my_other_python_libs:/opt/ros/rolling PS1=(.venv) \[\e]0;\u@\h: \w\a\]${debian_chroot:+($debian_chroot)}\[\033[01;32m\]\u@\h\[\033[00m\]:\[\033[01;34m\]\w\[\033[00m\]\$ VIRTUAL_ENV_PROMPT=(.venv) /usr/bin/cmake --build /home/ubuntu/Documents/legged_robots_ws/build/reemc_description -- -j10 -l10
[0.449s] Invoking command in '/home/ubuntu/Documents/legged_robots_ws/build/reemc_description': CMAKE_PREFIX_PATH=${CMAKE_PREFIX_PATH}:/home/ubuntu/Documents/legged_robots_ws/install/simulator:/home/ubuntu/Documents/legged_robots_ws/install/ros_visuals:/home/ubuntu/Documents/legged_robots_ws/install/pybullet_sims:/home/ubuntu/Documents/legged_robots_ws/install/my_robot_tutorials:/home/ubuntu/Documents/legged_robots_ws/install/my_python_libs:/home/ubuntu/Documents/legged_robots_ws/install/my_py_pkg:/home/ubuntu/Documents/legged_robots_ws/install/my_other_python_libs:/opt/ros/rolling PS1=(.venv) \[\e]0;\u@\h: \w\a\]${debian_chroot:+($debian_chroot)}\[\033[01;32m\]\u@\h\[\033[00m\]:\[\033[01;34m\]\w\[\033[00m\]\$ VIRTUAL_ENV_PROMPT=(.venv) /usr/bin/cmake --install /home/ubuntu/Documents/legged_robots_ws/build/reemc_description
[0.453s] -- Install configuration: ""
[0.453s] -- Up-to-date: /home/ubuntu/Documents/legged_robots_ws/install/reemc_description/share/ament_index/resource_index/package_run_dependencies/reemc_description
[0.454s] -- Up-to-date: /home/ubuntu/Documents/legged_robots_ws/install/reemc_description/share/ament_index/resource_index/parent_prefix_path/reemc_description
[0.454s] -- Up-to-date: /home/ubuntu/Documents/legged_robots_ws/install/reemc_description/share/reemc_description/environment/ament_prefix_path.sh
[0.454s] -- Up-to-date: /home/ubuntu/Documents/legged_robots_ws/install/reemc_description/share/reemc_description/environment/ament_prefix_path.dsv
[0.455s] -- Up-to-date: /home/ubuntu/Documents/legged_robots_ws/install/reemc_description/share/reemc_description/environment/path.sh
[0.455s] -- Up-to-date: /home/ubuntu/Documents/legged_robots_ws/install/reemc_description/share/reemc_description/environment/path.dsv
[0.455s] -- Up-to-date: /home/ubuntu/Documents/legged_robots_ws/install/reemc_description/share/reemc_description/local_setup.bash
[0.455s] -- Up-to-date: /home/ubuntu/Documents/legged_robots_ws/install/reemc_description/share/reemc_description/local_setup.sh
[0.455s] -- Up-to-date: /home/ubuntu/Documents/legged_robots_ws/install/reemc_description/share/reemc_description/local_setup.zsh
[0.455s] -- Up-to-date: /home/ubuntu/Documents/legged_robots_ws/install/reemc_description/share/reemc_description/local_setup.dsv
[0.455s] -- Up-to-date: /home/ubuntu/Documents/legged_robots_ws/install/reemc_description/share/reemc_description/package.dsv
[0.455s] -- Up-to-date: /home/ubuntu/Documents/legged_robots_ws/install/reemc_description/share/ament_index/resource_index/packages/reemc_description
[0.455s] -- Up-to-date: /home/ubuntu/Documents/legged_robots_ws/install/reemc_description/share/reemc_description/cmake/reemc_descriptionConfig.cmake
[0.455s] -- Up-to-date: /home/ubuntu/Documents/legged_robots_ws/install/reemc_description/share/reemc_description/cmake/reemc_descriptionConfig-version.cmake
[0.455s] -- Up-to-date: /home/ubuntu/Documents/legged_robots_ws/install/reemc_description/share/reemc_description/package.xml
[0.457s] Invoked command in '/home/ubuntu/Documents/legged_robots_ws/build/reemc_description' returned '0': CMAKE_PREFIX_PATH=${CMAKE_PREFIX_PATH}:/home/ubuntu/Documents/legged_robots_ws/install/simulator:/home/ubuntu/Documents/legged_robots_ws/install/ros_visuals:/home/ubuntu/Documents/legged_robots_ws/install/pybullet_sims:/home/ubuntu/Documents/legged_robots_ws/install/my_robot_tutorials:/home/ubuntu/Documents/legged_robots_ws/install/my_python_libs:/home/ubuntu/Documents/legged_robots_ws/install/my_py_pkg:/home/ubuntu/Documents/legged_robots_ws/install/my_other_python_libs:/opt/ros/rolling PS1=(.venv) \[\e]0;\u@\h: \w\a\]${debian_chroot:+($debian_chroot)}\[\033[01;32m\]\u@\h\[\033[00m\]:\[\033[01;34m\]\w\[\033[00m\]\$ VIRTUAL_ENV_PROMPT=(.venv) /usr/bin/cmake --install /home/ubuntu/Documents/legged_robots_ws/build/reemc_description
