running egg_info
creating ../../build/simulator/simulator.egg-info
writing ../../build/simulator/simulator.egg-info/PKG-INFO
writing dependency_links to ../../build/simulator/simulator.egg-info/dependency_links.txt
writing requirements to ../../build/simulator/simulator.egg-info/requires.txt
writing top-level names to ../../build/simulator/simulator.egg-info/top_level.txt
writing manifest file '../../build/simulator/simulator.egg-info/SOURCES.txt'
reading manifest file '../../build/simulator/simulator.egg-info/SOURCES.txt'
writing manifest file '../../build/simulator/simulator.egg-info/SOURCES.txt'
running build
running build_py
creating /home/ubuntu/Documents/legged_robots_ws/build/simulator/build
creating /home/ubuntu/Documents/legged_robots_ws/build/simulator/build/lib
creating /home/ubuntu/Documents/legged_robots_ws/build/simulator/build/lib/simulator
copying simulator/__init__.py -> /home/ubuntu/Documents/legged_robots_ws/build/simulator/build/lib/simulator
copying simulator/body.py -> /home/ubuntu/Documents/legged_robots_ws/build/simulator/build/lib/simulator
copying simulator/pybullet_wrapper.py -> /home/ubuntu/Documents/legged_robots_ws/build/simulator/build/lib/simulator
copying simulator/robot.py -> /home/ubuntu/Documents/legged_robots_ws/build/simulator/build/lib/simulator
copying simulator/utilities.py -> /home/ubuntu/Documents/legged_robots_ws/build/simulator/build/lib/simulator
copying simulator/objects.py -> /home/ubuntu/Documents/legged_robots_ws/build/simulator/build/lib/simulator
running install
running install_lib
creating /home/ubuntu/Documents/legged_robots_ws/install/simulator/lib/python3.12/site-packages/simulator
copying /home/ubuntu/Documents/legged_robots_ws/build/simulator/build/lib/simulator/__init__.py -> /home/ubuntu/Documents/legged_robots_ws/install/simulator/lib/python3.12/site-packages/simulator
copying /home/ubuntu/Documents/legged_robots_ws/build/simulator/build/lib/simulator/body.py -> /home/ubuntu/Documents/legged_robots_ws/install/simulator/lib/python3.12/site-packages/simulator
copying /home/ubuntu/Documents/legged_robots_ws/build/simulator/build/lib/simulator/pybullet_wrapper.py -> /home/ubuntu/Documents/legged_robots_ws/install/simulator/lib/python3.12/site-packages/simulator
copying /home/ubuntu/Documents/legged_robots_ws/build/simulator/build/lib/simulator/robot.py -> /home/ubuntu/Documents/legged_robots_ws/install/simulator/lib/python3.12/site-packages/simulator
copying /home/ubuntu/Documents/legged_robots_ws/build/simulator/build/lib/simulator/utilities.py -> /home/ubuntu/Documents/legged_robots_ws/install/simulator/lib/python3.12/site-packages/simulator
copying /home/ubuntu/Documents/legged_robots_ws/build/simulator/build/lib/simulator/objects.py -> /home/ubuntu/Documents/legged_robots_ws/install/simulator/lib/python3.12/site-packages/simulator
byte-compiling /home/ubuntu/Documents/legged_robots_ws/install/simulator/lib/python3.12/site-packages/simulator/__init__.py to __init__.cpython-312.pyc
byte-compiling /home/ubuntu/Documents/legged_robots_ws/install/simulator/lib/python3.12/site-packages/simulator/body.py to body.cpython-312.pyc
byte-compiling /home/ubuntu/Documents/legged_robots_ws/install/simulator/lib/python3.12/site-packages/simulator/pybullet_wrapper.py to pybullet_wrapper.cpython-312.pyc
byte-compiling /home/ubuntu/Documents/legged_robots_ws/install/simulator/lib/python3.12/site-packages/simulator/robot.py to robot.cpython-312.pyc
byte-compiling /home/ubuntu/Documents/legged_robots_ws/install/simulator/lib/python3.12/site-packages/simulator/utilities.py to utilities.cpython-312.pyc
byte-compiling /home/ubuntu/Documents/legged_robots_ws/install/simulator/lib/python3.12/site-packages/simulator/objects.py to objects.cpython-312.pyc
running install_data
creating /home/ubuntu/Documents/legged_robots_ws/install/simulator/share/ament_index
creating /home/ubuntu/Documents/legged_robots_ws/install/simulator/share/ament_index/resource_index
creating /home/ubuntu/Documents/legged_robots_ws/install/simulator/share/ament_index/resource_index/packages
copying resource/simulator -> /home/ubuntu/Documents/legged_robots_ws/install/simulator/share/ament_index/resource_index/packages
copying package.xml -> /home/ubuntu/Documents/legged_robots_ws/install/simulator/share/simulator
running install_egg_info
Copying ../../build/simulator/simulator.egg-info to /home/ubuntu/Documents/legged_robots_ws/install/simulator/lib/python3.12/site-packages/simulator-0.0.0-py3.12.egg-info
running install_scripts
writing list of installed files to '/home/ubuntu/Documents/legged_robots_ws/build/simulator/install.log'
