[0.797s] Invoking command in '/home/ubuntu/Documents/legged_robots_ws/src/simulator': PS1=(.venv) \[\e]0;\u@\h: \w\a\]${debian_chroot:+($debian_chroot)}\[\033[01;32m\]\u@\h\[\033[00m\]:\[\033[01;34m\]\w\[\033[00m\]\$ PYTHONPATH=/home/ubuntu/Documents/legged_robots_ws/build/simulator/prefix_override:/usr/lib/python3/dist-packages/colcon_core/task/python/colcon_distutils_commands:/home/ubuntu/Documents/legged_robots_ws/install/simulator/lib/python3.12/site-packages:${PYTHONPATH} VIRTUAL_ENV_PROMPT=(.venv) /usr/bin/python3 -W ignore:setup.py install is deprecated -W ignore:easy_install command is deprecated setup.py egg_info --egg-base ../../build/simulator build --build-base /home/ubuntu/Documents/legged_robots_ws/build/simulator/build install --record /home/ubuntu/Documents/legged_robots_ws/build/simulator/install.log --single-version-externally-managed install_data
[0.934s] running egg_info
[0.934s] creating ../../build/simulator/simulator.egg-info
[0.942s] writing ../../build/simulator/simulator.egg-info/PKG-INFO
[0.942s] writing dependency_links to ../../build/simulator/simulator.egg-info/dependency_links.txt
[0.942s] writing requirements to ../../build/simulator/simulator.egg-info/requires.txt
[0.942s] writing top-level names to ../../build/simulator/simulator.egg-info/top_level.txt
[0.942s] writing manifest file '../../build/simulator/simulator.egg-info/SOURCES.txt'
[0.959s] reading manifest file '../../build/simulator/simulator.egg-info/SOURCES.txt'
[0.959s] writing manifest file '../../build/simulator/simulator.egg-info/SOURCES.txt'
[0.959s] running build
[0.959s] running build_py
[0.959s] creating /home/ubuntu/Documents/legged_robots_ws/build/simulator/build
[0.960s] creating /home/ubuntu/Documents/legged_robots_ws/build/simulator/build/lib
[0.960s] creating /home/ubuntu/Documents/legged_robots_ws/build/simulator/build/lib/simulator
[0.960s] copying simulator/__init__.py -> /home/ubuntu/Documents/legged_robots_ws/build/simulator/build/lib/simulator
[0.960s] copying simulator/body.py -> /home/ubuntu/Documents/legged_robots_ws/build/simulator/build/lib/simulator
[0.960s] copying simulator/pybullet_wrapper.py -> /home/ubuntu/Documents/legged_robots_ws/build/simulator/build/lib/simulator
[0.960s] copying simulator/robot.py -> /home/ubuntu/Documents/legged_robots_ws/build/simulator/build/lib/simulator
[0.960s] copying simulator/utilities.py -> /home/ubuntu/Documents/legged_robots_ws/build/simulator/build/lib/simulator
[0.961s] copying simulator/objects.py -> /home/ubuntu/Documents/legged_robots_ws/build/simulator/build/lib/simulator
[0.961s] running install
[0.967s] running install_lib
[0.977s] creating /home/ubuntu/Documents/legged_robots_ws/install/simulator/lib/python3.12/site-packages/simulator
[0.977s] copying /home/ubuntu/Documents/legged_robots_ws/build/simulator/build/lib/simulator/__init__.py -> /home/ubuntu/Documents/legged_robots_ws/install/simulator/lib/python3.12/site-packages/simulator
[0.977s] copying /home/ubuntu/Documents/legged_robots_ws/build/simulator/build/lib/simulator/body.py -> /home/ubuntu/Documents/legged_robots_ws/install/simulator/lib/python3.12/site-packages/simulator
[0.977s] copying /home/ubuntu/Documents/legged_robots_ws/build/simulator/build/lib/simulator/pybullet_wrapper.py -> /home/ubuntu/Documents/legged_robots_ws/install/simulator/lib/python3.12/site-packages/simulator
[0.977s] copying /home/ubuntu/Documents/legged_robots_ws/build/simulator/build/lib/simulator/robot.py -> /home/ubuntu/Documents/legged_robots_ws/install/simulator/lib/python3.12/site-packages/simulator
[0.977s] copying /home/ubuntu/Documents/legged_robots_ws/build/simulator/build/lib/simulator/utilities.py -> /home/ubuntu/Documents/legged_robots_ws/install/simulator/lib/python3.12/site-packages/simulator
[0.977s] copying /home/ubuntu/Documents/legged_robots_ws/build/simulator/build/lib/simulator/objects.py -> /home/ubuntu/Documents/legged_robots_ws/install/simulator/lib/python3.12/site-packages/simulator
[0.978s] byte-compiling /home/ubuntu/Documents/legged_robots_ws/install/simulator/lib/python3.12/site-packages/simulator/__init__.py to __init__.cpython-312.pyc
[0.978s] byte-compiling /home/ubuntu/Documents/legged_robots_ws/install/simulator/lib/python3.12/site-packages/simulator/body.py to body.cpython-312.pyc
[0.979s] byte-compiling /home/ubuntu/Documents/legged_robots_ws/install/simulator/lib/python3.12/site-packages/simulator/pybullet_wrapper.py to pybullet_wrapper.cpython-312.pyc
[0.982s] byte-compiling /home/ubuntu/Documents/legged_robots_ws/install/simulator/lib/python3.12/site-packages/simulator/robot.py to robot.cpython-312.pyc
[0.983s] byte-compiling /home/ubuntu/Documents/legged_robots_ws/install/simulator/lib/python3.12/site-packages/simulator/utilities.py to utilities.cpython-312.pyc
[0.984s] byte-compiling /home/ubuntu/Documents/legged_robots_ws/install/simulator/lib/python3.12/site-packages/simulator/objects.py to objects.cpython-312.pyc
[0.984s] running install_data
[0.984s] creating /home/ubuntu/Documents/legged_robots_ws/install/simulator/share/ament_index
[0.984s] creating /home/ubuntu/Documents/legged_robots_ws/install/simulator/share/ament_index/resource_index
[0.984s] creating /home/ubuntu/Documents/legged_robots_ws/install/simulator/share/ament_index/resource_index/packages
[0.984s] copying resource/simulator -> /home/ubuntu/Documents/legged_robots_ws/install/simulator/share/ament_index/resource_index/packages
[0.984s] copying package.xml -> /home/ubuntu/Documents/legged_robots_ws/install/simulator/share/simulator
[0.984s] running install_egg_info
[0.998s] Copying ../../build/simulator/simulator.egg-info to /home/ubuntu/Documents/legged_robots_ws/install/simulator/lib/python3.12/site-packages/simulator-0.0.0-py3.12.egg-info
[0.998s] running install_scripts
[1.063s] writing list of installed files to '/home/ubuntu/Documents/legged_robots_ws/build/simulator/install.log'
[1.159s] Invoked command in '/home/ubuntu/Documents/legged_robots_ws/src/simulator' returned '0': PS1=(.venv) \[\e]0;\u@\h: \w\a\]${debian_chroot:+($debian_chroot)}\[\033[01;32m\]\u@\h\[\033[00m\]:\[\033[01;34m\]\w\[\033[00m\]\$ PYTHONPATH=/home/ubuntu/Documents/legged_robots_ws/build/simulator/prefix_override:/usr/lib/python3/dist-packages/colcon_core/task/python/colcon_distutils_commands:/home/ubuntu/Documents/legged_robots_ws/install/simulator/lib/python3.12/site-packages:${PYTHONPATH} VIRTUAL_ENV_PROMPT=(.venv) /usr/bin/python3 -W ignore:setup.py install is deprecated -W ignore:easy_install command is deprecated setup.py egg_info --egg-base ../../build/simulator build --build-base /home/ubuntu/Documents/legged_robots_ws/build/simulator/build install --record /home/ubuntu/Documents/legged_robots_ws/build/simulator/install.log --single-version-externally-managed install_data
