-- The C compiler identification is GNU 13.3.0
-- The CXX compiler identification is GNU 13.3.0
-- Detecting C compiler ABI info
-- Detecting C compiler ABI info - done
-- Check for working C compiler: /usr/bin/cc - skipped
-- Detecting C compile features
-- Detecting C compile features - done
-- Detecting CXX compiler ABI info
-- Detecting CXX compiler ABI info - done
-- Check for working CXX compiler: /usr/bin/c++ - skipped
-- Detecting CXX compile features
-- Detecting CXX compile features - done
-- Found ament_cmake: 2.8.5 (/opt/ros/rolling/share/ament_cmake/cmake)
-- Found urdf: 2.13.2 (/opt/ros/rolling/share/urdf/cmake)
-- Found xacro: 2.1.1 (/opt/ros/rolling/share/xacro/cmake)
-- Found ament_lint_auto: 0.20.3 (/opt/ros/rolling/share/ament_lint_auto/cmake)
-- Added test 'lint_cmake' to check CMake code style
-- Added test 'xmllint' to check XML markup files
-- Configuring done (0.4s)
-- Generating done (0.0s)
-- Build files have been written to: /home/ubuntu/Documents/legged_robots_ws/build/reemc_description
-- Install configuration: ""
-- Installing: /home/ubuntu/Documents/legged_robots_ws/install/reemc_description/share/ament_index/resource_index/package_run_dependencies/reemc_description
-- Installing: /home/ubuntu/Documents/legged_robots_ws/install/reemc_description/share/ament_index/resource_index/parent_prefix_path/reemc_description
-- Installing: /home/ubuntu/Documents/legged_robots_ws/install/reemc_description/share/reemc_description/environment/ament_prefix_path.sh
-- Installing: /home/ubuntu/Documents/legged_robots_ws/install/reemc_description/share/reemc_description/environment/ament_prefix_path.dsv
-- Installing: /home/ubuntu/Documents/legged_robots_ws/install/reemc_description/share/reemc_description/environment/path.sh
-- Installing: /home/ubuntu/Documents/legged_robots_ws/install/reemc_description/share/reemc_description/environment/path.dsv
-- Installing: /home/ubuntu/Documents/legged_robots_ws/install/reemc_description/share/reemc_description/local_setup.bash
-- Installing: /home/ubuntu/Documents/legged_robots_ws/install/reemc_description/share/reemc_description/local_setup.sh
-- Installing: /home/ubuntu/Documents/legged_robots_ws/install/reemc_description/share/reemc_description/local_setup.zsh
-- Installing: /home/ubuntu/Documents/legged_robots_ws/install/reemc_description/share/reemc_description/local_setup.dsv
-- Installing: /home/ubuntu/Documents/legged_robots_ws/install/reemc_description/share/reemc_description/package.dsv
-- Installing: /home/ubuntu/Documents/legged_robots_ws/install/reemc_description/share/ament_index/resource_index/packages/reemc_description
-- Installing: /home/ubuntu/Documents/legged_robots_ws/install/reemc_description/share/reemc_description/cmake/reemc_descriptionConfig.cmake
-- Installing: /home/ubuntu/Documents/legged_robots_ws/install/reemc_description/share/reemc_description/cmake/reemc_descriptionConfig-version.cmake
-- Installing: /home/ubuntu/Documents/legged_robots_ws/install/reemc_description/share/reemc_description/package.xml
