[0.095s] Invoking command in '/home/ubuntu/Documents/legged_robots_ws/build/reemc_description': CMAKE_PREFIX_PATH=${CMAKE_PREFIX_PATH}:/home/ubuntu/Documents/legged_robots_ws/install/simulator:/home/ubuntu/Documents/legged_robots_ws/install/ros_visuals:/home/ubuntu/Documents/legged_robots_ws/install/pybullet_sims:/home/ubuntu/Documents/legged_robots_ws/install/my_robot_tutorials:/home/ubuntu/Documents/legged_robots_ws/install/my_python_libs:/home/ubuntu/Documents/legged_robots_ws/install/my_py_pkg:/home/ubuntu/Documents/legged_robots_ws/install/my_other_python_libs:/opt/ros/rolling PS1=(.venv) \[\e]0;\u@\h: \w\a\]${debian_chroot:+($debian_chroot)}\[\033[01;32m\]\u@\h\[\033[00m\]:\[\033[01;34m\]\w\[\033[00m\]\$ VIRTUAL_ENV_PROMPT=(.venv) /usr/bin/cmake /home/ubuntu/Documents/legged_robots_ws/src/reemc_description -DCMAKE_INSTALL_PREFIX=/home/ubuntu/Documents/legged_robots_ws/install/reemc_description
[0.438s] -- The C compiler identification is GNU 13.3.0
[0.438s] -- The CXX compiler identification is GNU 13.3.0
[0.438s] -- Detecting C compiler ABI info
[0.438s] -- Detecting C compiler ABI info - done
[0.438s] -- Check for working C compiler: /usr/bin/cc - skipped
[0.438s] -- Detecting C compile features
[0.438s] -- Detecting C compile features - done
[0.438s] -- Detecting CXX compiler ABI info
[0.438s] -- Detecting CXX compiler ABI info - done
[0.438s] -- Check for working CXX compiler: /usr/bin/c++ - skipped
[0.438s] -- Detecting CXX compile features
[0.438s] -- Detecting CXX compile features - done
[0.438s] -- Found ament_cmake: 2.8.5 (/opt/ros/rolling/share/ament_cmake/cmake)
[0.438s] -- Found urdf: 2.13.2 (/opt/ros/rolling/share/urdf/cmake)
[0.438s] -- Found xacro: 2.1.1 (/opt/ros/rolling/share/xacro/cmake)
[0.439s] -- Found ament_lint_auto: 0.20.3 (/opt/ros/rolling/share/ament_lint_auto/cmake)
[0.484s] -- Added test 'lint_cmake' to check CMake code style
[0.488s] -- Added test 'xmllint' to check XML markup files
[0.489s] -- Configuring done (0.4s)
[0.491s] -- Generating done (0.0s)
[0.492s] -- Build files have been written to: /home/ubuntu/Documents/legged_robots_ws/build/reemc_description
[0.497s] Invoked command in '/home/ubuntu/Documents/legged_robots_ws/build/reemc_description' returned '0': CMAKE_PREFIX_PATH=${CMAKE_PREFIX_PATH}:/home/ubuntu/Documents/legged_robots_ws/install/simulator:/home/ubuntu/Documents/legged_robots_ws/install/ros_visuals:/home/ubuntu/Documents/legged_robots_ws/install/pybullet_sims:/home/ubuntu/Documents/legged_robots_ws/install/my_robot_tutorials:/home/ubuntu/Documents/legged_robots_ws/install/my_python_libs:/home/ubuntu/Documents/legged_robots_ws/install/my_py_pkg:/home/ubuntu/Documents/legged_robots_ws/install/my_other_python_libs:/opt/ros/rolling PS1=(.venv) \[\e]0;\u@\h: \w\a\]${debian_chroot:+($debian_chroot)}\[\033[01;32m\]\u@\h\[\033[00m\]:\[\033[01;34m\]\w\[\033[00m\]\$ VIRTUAL_ENV_PROMPT=(.venv) /usr/bin/cmake /home/ubuntu/Documents/legged_robots_ws/src/reemc_description -DCMAKE_INSTALL_PREFIX=/home/ubuntu/Documents/legged_robots_ws/install/reemc_description
[0.499s] Invoking command in '/home/ubuntu/Documents/legged_robots_ws/build/reemc_description': CMAKE_PREFIX_PATH=${CMAKE_PREFIX_PATH}:/home/ubuntu/Documents/legged_robots_ws/install/simulator:/home/ubuntu/Documents/legged_robots_ws/install/ros_visuals:/home/ubuntu/Documents/legged_robots_ws/install/pybullet_sims:/home/ubuntu/Documents/legged_robots_ws/install/my_robot_tutorials:/home/ubuntu/Documents/legged_robots_ws/install/my_python_libs:/home/ubuntu/Documents/legged_robots_ws/install/my_py_pkg:/home/ubuntu/Documents/legged_robots_ws/install/my_other_python_libs:/opt/ros/rolling PS1=(.venv) \[\e]0;\u@\h: \w\a\]${debian_chroot:+($debian_chroot)}\[\033[01;32m\]\u@\h\[\033[00m\]:\[\033[01;34m\]\w\[\033[00m\]\$ VIRTUAL_ENV_PROMPT=(.venv) /usr/bin/cmake --build /home/ubuntu/Documents/legged_robots_ws/build/reemc_description -- -j10 -l10
[0.537s] Invoked command in '/home/ubuntu/Documents/legged_robots_ws/build/reemc_description' returned '0': CMAKE_PREFIX_PATH=${CMAKE_PREFIX_PATH}:/home/ubuntu/Documents/legged_robots_ws/install/simulator:/home/ubuntu/Documents/legged_robots_ws/install/ros_visuals:/home/ubuntu/Documents/legged_robots_ws/install/pybullet_sims:/home/ubuntu/Documents/legged_robots_ws/install/my_robot_tutorials:/home/ubuntu/Documents/legged_robots_ws/install/my_python_libs:/home/ubuntu/Documents/legged_robots_ws/install/my_py_pkg:/home/ubuntu/Documents/legged_robots_ws/install/my_other_python_libs:/opt/ros/rolling PS1=(.venv) \[\e]0;\u@\h: \w\a\]${debian_chroot:+($debian_chroot)}\[\033[01;32m\]\u@\h\[\033[00m\]:\[\033[01;34m\]\w\[\033[00m\]\$ VIRTUAL_ENV_PROMPT=(.venv) /usr/bin/cmake --build /home/ubuntu/Documents/legged_robots_ws/build/reemc_description -- -j10 -l10
[0.548s] Invoking command in '/home/ubuntu/Documents/legged_robots_ws/build/reemc_description': CMAKE_PREFIX_PATH=${CMAKE_PREFIX_PATH}:/home/ubuntu/Documents/legged_robots_ws/install/simulator:/home/ubuntu/Documents/legged_robots_ws/install/ros_visuals:/home/ubuntu/Documents/legged_robots_ws/install/pybullet_sims:/home/ubuntu/Documents/legged_robots_ws/install/my_robot_tutorials:/home/ubuntu/Documents/legged_robots_ws/install/my_python_libs:/home/ubuntu/Documents/legged_robots_ws/install/my_py_pkg:/home/ubuntu/Documents/legged_robots_ws/install/my_other_python_libs:/opt/ros/rolling PS1=(.venv) \[\e]0;\u@\h: \w\a\]${debian_chroot:+($debian_chroot)}\[\033[01;32m\]\u@\h\[\033[00m\]:\[\033[01;34m\]\w\[\033[00m\]\$ VIRTUAL_ENV_PROMPT=(.venv) /usr/bin/cmake --install /home/ubuntu/Documents/legged_robots_ws/build/reemc_description
[0.557s] -- Install configuration: ""
[0.557s] -- Installing: /home/ubuntu/Documents/legged_robots_ws/install/reemc_description/share/ament_index/resource_index/package_run_dependencies/reemc_description
[0.558s] -- Installing: /home/ubuntu/Documents/legged_robots_ws/install/reemc_description/share/ament_index/resource_index/parent_prefix_path/reemc_description
[0.559s] -- Installing: /home/ubuntu/Documents/legged_robots_ws/install/reemc_description/share/reemc_description/environment/ament_prefix_path.sh
[0.559s] -- Installing: /home/ubuntu/Documents/legged_robots_ws/install/reemc_description/share/reemc_description/environment/ament_prefix_path.dsv
[0.559s] -- Installing: /home/ubuntu/Documents/legged_robots_ws/install/reemc_description/share/reemc_description/environment/path.sh
[0.559s] -- Installing: /home/ubuntu/Documents/legged_robots_ws/install/reemc_description/share/reemc_description/environment/path.dsv
[0.559s] -- Installing: /home/ubuntu/Documents/legged_robots_ws/install/reemc_description/share/reemc_description/local_setup.bash
[0.559s] -- Installing: /home/ubuntu/Documents/legged_robots_ws/install/reemc_description/share/reemc_description/local_setup.sh
[0.559s] -- Installing: /home/ubuntu/Documents/legged_robots_ws/install/reemc_description/share/reemc_description/local_setup.zsh
[0.559s] -- Installing: /home/ubuntu/Documents/legged_robots_ws/install/reemc_description/share/reemc_description/local_setup.dsv
[0.559s] -- Installing: /home/ubuntu/Documents/legged_robots_ws/install/reemc_description/share/reemc_description/package.dsv
[0.559s] -- Installing: /home/ubuntu/Documents/legged_robots_ws/install/reemc_description/share/ament_index/resource_index/packages/reemc_description
[0.559s] -- Installing: /home/ubuntu/Documents/legged_robots_ws/install/reemc_description/share/reemc_description/cmake/reemc_descriptionConfig.cmake
[0.559s] -- Installing: /home/ubuntu/Documents/legged_robots_ws/install/reemc_description/share/reemc_description/cmake/reemc_descriptionConfig-version.cmake
[0.559s] -- Installing: /home/ubuntu/Documents/legged_robots_ws/install/reemc_description/share/reemc_description/package.xml
[0.561s] Invoked command in '/home/ubuntu/Documents/legged_robots_ws/build/reemc_description' returned '0': CMAKE_PREFIX_PATH=${CMAKE_PREFIX_PATH}:/home/ubuntu/Documents/legged_robots_ws/install/simulator:/home/ubuntu/Documents/legged_robots_ws/install/ros_visuals:/home/ubuntu/Documents/legged_robots_ws/install/pybullet_sims:/home/ubuntu/Documents/legged_robots_ws/install/my_robot_tutorials:/home/ubuntu/Documents/legged_robots_ws/install/my_python_libs:/home/ubuntu/Documents/legged_robots_ws/install/my_py_pkg:/home/ubuntu/Documents/legged_robots_ws/install/my_other_python_libs:/opt/ros/rolling PS1=(.venv) \[\e]0;\u@\h: \w\a\]${debian_chroot:+($debian_chroot)}\[\033[01;32m\]\u@\h\[\033[00m\]:\[\033[01;34m\]\w\[\033[00m\]\$ VIRTUAL_ENV_PROMPT=(.venv) /usr/bin/cmake --install /home/ubuntu/Documents/legged_robots_ws/build/reemc_description
