[0.451s] Invoking command in '/home/ubuntu/Documents/legged_robots_ws/src/pybullet_sims': CMAKE_PREFIX_PATH=/home/ubuntu/Documents/legged_robots_ws/install/reemc_description:/home/ubuntu/Documents/legged_robots_ws/install/talos_description:/opt/ros/rolling/opt/gz_sim_vendor:/opt/ros/rolling/opt/gz_sensors_vendor:/opt/ros/rolling/opt/gz_gui_vendor:/opt/ros/rolling/opt/gz_transport_vendor:/opt/ros/rolling/opt/gz_physics_vendor:/opt/ros/rolling/opt/sdformat_vendor:/opt/ros/rolling/opt/gz_rendering_vendor:/opt/ros/rolling/opt/gz_plugin_vendor:/opt/ros/rolling/opt/gz_fuel_tools_vendor:/opt/ros/rolling/opt/gz_msgs_vendor:/opt/ros/rolling/opt/gz_common_vendor:/opt/ros/rolling/opt/gz_math_vendor:/opt/ros/rolling/opt/gz_utils_vendor:/opt/ros/rolling/opt/gz_tools_vendor:/opt/ros/rolling/opt/gz_ogre_next_vendor:/opt/ros/rolling/opt/gz_dartsim_vendor:/opt/ros/rolling/opt/gz_cmake_vendor PS1=(.venv) \[\e]0;\u@\h: \w\a\]${debian_chroot:+($debian_chroot)}\[\033[01;32m\]\u@\h\[\033[00m\]:\[\033[01;34m\]\w\[\033[00m\]\$ PYTHONPATH=/home/ubuntu/Documents/legged_robots_ws/build/pybullet_sims/prefix_override:/usr/lib/python3/dist-packages/colcon_core/task/python/colcon_distutils_commands:/home/ubuntu/Documents/legged_robots_ws/install/pybullet_sims/lib/python3.12/site-packages:${PYTHONPATH} VIRTUAL_ENV_PROMPT=(.venv) /usr/bin/python3 -W ignore:setup.py install is deprecated -W ignore:easy_install command is deprecated setup.py egg_info --egg-base ../../build/pybullet_sims build --build-base /home/ubuntu/Documents/legged_robots_ws/build/pybullet_sims/build install --record /home/ubuntu/Documents/legged_robots_ws/build/pybullet_sims/install.log --single-version-externally-managed install_data
[0.583s] running egg_info
[0.591s] writing ../../build/pybullet_sims/pybullet_sims.egg-info/PKG-INFO
[0.592s] writing dependency_links to ../../build/pybullet_sims/pybullet_sims.egg-info/dependency_links.txt
[0.592s] writing entry points to ../../build/pybullet_sims/pybullet_sims.egg-info/entry_points.txt
[0.592s] writing requirements to ../../build/pybullet_sims/pybullet_sims.egg-info/requires.txt
[0.592s] writing top-level names to ../../build/pybullet_sims/pybullet_sims.egg-info/top_level.txt
[0.606s] reading manifest file '../../build/pybullet_sims/pybullet_sims.egg-info/SOURCES.txt'
[0.607s] writing manifest file '../../build/pybullet_sims/pybullet_sims.egg-info/SOURCES.txt'
[0.607s] running build
[0.607s] running build_py
[0.607s] running install
[0.610s] running install_lib
[0.617s] running install_data
[0.617s] running install_egg_info
[0.624s] removing '/home/ubuntu/Documents/legged_robots_ws/install/pybullet_sims/lib/python3.12/site-packages/pybullet_sims-0.0.0-py3.12.egg-info' (and everything under it)
[0.624s] Copying ../../build/pybullet_sims/pybullet_sims.egg-info to /home/ubuntu/Documents/legged_robots_ws/install/pybullet_sims/lib/python3.12/site-packages/pybullet_sims-0.0.0-py3.12.egg-info
[0.625s] running install_scripts
[0.676s] Installing t2_temp script to /home/ubuntu/Documents/legged_robots_ws/install/pybullet_sims/lib/pybullet_sims
[0.677s] writing list of installed files to '/home/ubuntu/Documents/legged_robots_ws/build/pybullet_sims/install.log'
[0.692s] Invoked command in '/home/ubuntu/Documents/legged_robots_ws/src/pybullet_sims' returned '0': CMAKE_PREFIX_PATH=/home/ubuntu/Documents/legged_robots_ws/install/reemc_description:/home/ubuntu/Documents/legged_robots_ws/install/talos_description:/opt/ros/rolling/opt/gz_sim_vendor:/opt/ros/rolling/opt/gz_sensors_vendor:/opt/ros/rolling/opt/gz_gui_vendor:/opt/ros/rolling/opt/gz_transport_vendor:/opt/ros/rolling/opt/gz_physics_vendor:/opt/ros/rolling/opt/sdformat_vendor:/opt/ros/rolling/opt/gz_rendering_vendor:/opt/ros/rolling/opt/gz_plugin_vendor:/opt/ros/rolling/opt/gz_fuel_tools_vendor:/opt/ros/rolling/opt/gz_msgs_vendor:/opt/ros/rolling/opt/gz_common_vendor:/opt/ros/rolling/opt/gz_math_vendor:/opt/ros/rolling/opt/gz_utils_vendor:/opt/ros/rolling/opt/gz_tools_vendor:/opt/ros/rolling/opt/gz_ogre_next_vendor:/opt/ros/rolling/opt/gz_dartsim_vendor:/opt/ros/rolling/opt/gz_cmake_vendor PS1=(.venv) \[\e]0;\u@\h: \w\a\]${debian_chroot:+($debian_chroot)}\[\033[01;32m\]\u@\h\[\033[00m\]:\[\033[01;34m\]\w\[\033[00m\]\$ PYTHONPATH=/home/ubuntu/Documents/legged_robots_ws/build/pybullet_sims/prefix_override:/usr/lib/python3/dist-packages/colcon_core/task/python/colcon_distutils_commands:/home/ubuntu/Documents/legged_robots_ws/install/pybullet_sims/lib/python3.12/site-packages:${PYTHONPATH} VIRTUAL_ENV_PROMPT=(.venv) /usr/bin/python3 -W ignore:setup.py install is deprecated -W ignore:easy_install command is deprecated setup.py egg_info --egg-base ../../build/pybullet_sims build --build-base /home/ubuntu/Documents/legged_robots_ws/build/pybullet_sims/build install --record /home/ubuntu/Documents/legged_robots_ws/build/pybullet_sims/install.log --single-version-externally-managed install_data
