running egg_info
creating ../../build/ros_visuals/ros_visuals.egg-info
writing ../../build/ros_visuals/ros_visuals.egg-info/PKG-INFO
writing dependency_links to ../../build/ros_visuals/ros_visuals.egg-info/dependency_links.txt
writing entry points to ../../build/ros_visuals/ros_visuals.egg-info/entry_points.txt
writing requirements to ../../build/ros_visuals/ros_visuals.egg-info/requires.txt
writing top-level names to ../../build/ros_visuals/ros_visuals.egg-info/top_level.txt
writing manifest file '../../build/ros_visuals/ros_visuals.egg-info/SOURCES.txt'
reading manifest file '../../build/ros_visuals/ros_visuals.egg-info/SOURCES.txt'
writing manifest file '../../build/ros_visuals/ros_visuals.egg-info/SOURCES.txt'
running build
running build_py
creating /home/ubuntu/Documents/legged_robots_ws/build/ros_visuals/build
creating /home/ubuntu/Documents/legged_robots_ws/build/ros_visuals/build/lib
creating /home/ubuntu/Documents/legged_robots_ws/build/ros_visuals/build/lib/ros_visuals
copying ros_visuals/subscriber_node.py -> /home/ubuntu/Documents/legged_robots_ws/build/ros_visuals/build/lib/ros_visuals
copying ros_visuals/__init__.py -> /home/ubuntu/Documents/legged_robots_ws/build/ros_visuals/build/lib/ros_visuals
copying ros_visuals/t11.py -> /home/ubuntu/Documents/legged_robots_ws/build/ros_visuals/build/lib/ros_visuals
copying ros_visuals/t12.py -> /home/ubuntu/Documents/legged_robots_ws/build/ros_visuals/build/lib/ros_visuals
copying ros_visuals/publisher_node.py -> /home/ubuntu/Documents/legged_robots_ws/build/ros_visuals/build/lib/ros_visuals
running install
running install_lib
creating /home/ubuntu/Documents/legged_robots_ws/install/ros_visuals/lib/python3.12/site-packages/ros_visuals
copying /home/ubuntu/Documents/legged_robots_ws/build/ros_visuals/build/lib/ros_visuals/subscriber_node.py -> /home/ubuntu/Documents/legged_robots_ws/install/ros_visuals/lib/python3.12/site-packages/ros_visuals
copying /home/ubuntu/Documents/legged_robots_ws/build/ros_visuals/build/lib/ros_visuals/__init__.py -> /home/ubuntu/Documents/legged_robots_ws/install/ros_visuals/lib/python3.12/site-packages/ros_visuals
copying /home/ubuntu/Documents/legged_robots_ws/build/ros_visuals/build/lib/ros_visuals/t11.py -> /home/ubuntu/Documents/legged_robots_ws/install/ros_visuals/lib/python3.12/site-packages/ros_visuals
copying /home/ubuntu/Documents/legged_robots_ws/build/ros_visuals/build/lib/ros_visuals/t12.py -> /home/ubuntu/Documents/legged_robots_ws/install/ros_visuals/lib/python3.12/site-packages/ros_visuals
copying /home/ubuntu/Documents/legged_robots_ws/build/ros_visuals/build/lib/ros_visuals/publisher_node.py -> /home/ubuntu/Documents/legged_robots_ws/install/ros_visuals/lib/python3.12/site-packages/ros_visuals
byte-compiling /home/ubuntu/Documents/legged_robots_ws/install/ros_visuals/lib/python3.12/site-packages/ros_visuals/subscriber_node.py to subscriber_node.cpython-312.pyc
byte-compiling /home/ubuntu/Documents/legged_robots_ws/install/ros_visuals/lib/python3.12/site-packages/ros_visuals/__init__.py to __init__.cpython-312.pyc
byte-compiling /home/ubuntu/Documents/legged_robots_ws/install/ros_visuals/lib/python3.12/site-packages/ros_visuals/t11.py to t11.cpython-312.pyc
byte-compiling /home/ubuntu/Documents/legged_robots_ws/install/ros_visuals/lib/python3.12/site-packages/ros_visuals/t12.py to t12.cpython-312.pyc
byte-compiling /home/ubuntu/Documents/legged_robots_ws/install/ros_visuals/lib/python3.12/site-packages/ros_visuals/publisher_node.py to publisher_node.cpython-312.pyc
running install_data
creating /home/ubuntu/Documents/legged_robots_ws/install/ros_visuals/share/ament_index
creating /home/ubuntu/Documents/legged_robots_ws/install/ros_visuals/share/ament_index/resource_index
creating /home/ubuntu/Documents/legged_robots_ws/install/ros_visuals/share/ament_index/resource_index/packages
copying resource/ros_visuals -> /home/ubuntu/Documents/legged_robots_ws/install/ros_visuals/share/ament_index/resource_index/packages
copying package.xml -> /home/ubuntu/Documents/legged_robots_ws/install/ros_visuals/share/ros_visuals
running install_egg_info
Copying ../../build/ros_visuals/ros_visuals.egg-info to /home/ubuntu/Documents/legged_robots_ws/install/ros_visuals/lib/python3.12/site-packages/ros_visuals-0.0.0-py3.12.egg-info
running install_scripts
Installing coordinate_pub script to /home/ubuntu/Documents/legged_robots_ws/install/ros_visuals/lib/ros_visuals
Installing pub script to /home/ubuntu/Documents/legged_robots_ws/install/ros_visuals/lib/ros_visuals
Installing sub script to /home/ubuntu/Documents/legged_robots_ws/install/ros_visuals/lib/ros_visuals
Installing t12 script to /home/ubuntu/Documents/legged_robots_ws/install/ros_visuals/lib/ros_visuals
writing list of installed files to '/home/ubuntu/Documents/legged_robots_ws/build/ros_visuals/install.log'
