[0.752s] Invoking command in '/home/ubuntu/Documents/legged_robots_ws/src/ros_visuals': PS1=(.venv) \[\e]0;\u@\h: \w\a\]${debian_chroot:+($debian_chroot)}\[\033[01;32m\]\u@\h\[\033[00m\]:\[\033[01;34m\]\w\[\033[00m\]\$ PYTHONPATH=/home/ubuntu/Documents/legged_robots_ws/build/ros_visuals/prefix_override:/usr/lib/python3/dist-packages/colcon_core/task/python/colcon_distutils_commands:/home/ubuntu/Documents/legged_robots_ws/install/ros_visuals/lib/python3.12/site-packages:${PYTHONPATH} VIRTUAL_ENV_PROMPT=(.venv) /usr/bin/python3 -W ignore:setup.py install is deprecated -W ignore:easy_install command is deprecated setup.py egg_info --egg-base ../../build/ros_visuals build --build-base /home/ubuntu/Documents/legged_robots_ws/build/ros_visuals/build install --record /home/ubuntu/Documents/legged_robots_ws/build/ros_visuals/install.log --single-version-externally-managed install_data
[0.898s] running egg_info
[0.898s] creating ../../build/ros_visuals/ros_visuals.egg-info
[0.904s] writing ../../build/ros_visuals/ros_visuals.egg-info/PKG-INFO
[0.905s] writing dependency_links to ../../build/ros_visuals/ros_visuals.egg-info/dependency_links.txt
[0.905s] writing entry points to ../../build/ros_visuals/ros_visuals.egg-info/entry_points.txt
[0.905s] writing requirements to ../../build/ros_visuals/ros_visuals.egg-info/requires.txt
[0.905s] writing top-level names to ../../build/ros_visuals/ros_visuals.egg-info/top_level.txt
[0.905s] writing manifest file '../../build/ros_visuals/ros_visuals.egg-info/SOURCES.txt'
[0.925s] reading manifest file '../../build/ros_visuals/ros_visuals.egg-info/SOURCES.txt'
[0.925s] writing manifest file '../../build/ros_visuals/ros_visuals.egg-info/SOURCES.txt'
[0.925s] running build
[0.925s] running build_py
[0.925s] creating /home/ubuntu/Documents/legged_robots_ws/build/ros_visuals/build
[0.925s] creating /home/ubuntu/Documents/legged_robots_ws/build/ros_visuals/build/lib
[0.925s] creating /home/ubuntu/Documents/legged_robots_ws/build/ros_visuals/build/lib/ros_visuals
[0.926s] copying ros_visuals/subscriber_node.py -> /home/ubuntu/Documents/legged_robots_ws/build/ros_visuals/build/lib/ros_visuals
[0.926s] copying ros_visuals/__init__.py -> /home/ubuntu/Documents/legged_robots_ws/build/ros_visuals/build/lib/ros_visuals
[0.926s] copying ros_visuals/t11.py -> /home/ubuntu/Documents/legged_robots_ws/build/ros_visuals/build/lib/ros_visuals
[0.926s] copying ros_visuals/t12.py -> /home/ubuntu/Documents/legged_robots_ws/build/ros_visuals/build/lib/ros_visuals
[0.926s] copying ros_visuals/publisher_node.py -> /home/ubuntu/Documents/legged_robots_ws/build/ros_visuals/build/lib/ros_visuals
[0.927s] running install
[0.933s] running install_lib
[0.943s] creating /home/ubuntu/Documents/legged_robots_ws/install/ros_visuals/lib/python3.12/site-packages/ros_visuals
[0.943s] copying /home/ubuntu/Documents/legged_robots_ws/build/ros_visuals/build/lib/ros_visuals/subscriber_node.py -> /home/ubuntu/Documents/legged_robots_ws/install/ros_visuals/lib/python3.12/site-packages/ros_visuals
[0.943s] copying /home/ubuntu/Documents/legged_robots_ws/build/ros_visuals/build/lib/ros_visuals/__init__.py -> /home/ubuntu/Documents/legged_robots_ws/install/ros_visuals/lib/python3.12/site-packages/ros_visuals
[0.944s] copying /home/ubuntu/Documents/legged_robots_ws/build/ros_visuals/build/lib/ros_visuals/t11.py -> /home/ubuntu/Documents/legged_robots_ws/install/ros_visuals/lib/python3.12/site-packages/ros_visuals
[0.944s] copying /home/ubuntu/Documents/legged_robots_ws/build/ros_visuals/build/lib/ros_visuals/t12.py -> /home/ubuntu/Documents/legged_robots_ws/install/ros_visuals/lib/python3.12/site-packages/ros_visuals
[0.945s] copying /home/ubuntu/Documents/legged_robots_ws/build/ros_visuals/build/lib/ros_visuals/publisher_node.py -> /home/ubuntu/Documents/legged_robots_ws/install/ros_visuals/lib/python3.12/site-packages/ros_visuals
[0.945s] byte-compiling /home/ubuntu/Documents/legged_robots_ws/install/ros_visuals/lib/python3.12/site-packages/ros_visuals/subscriber_node.py to subscriber_node.cpython-312.pyc
[0.945s] byte-compiling /home/ubuntu/Documents/legged_robots_ws/install/ros_visuals/lib/python3.12/site-packages/ros_visuals/__init__.py to __init__.cpython-312.pyc
[0.945s] byte-compiling /home/ubuntu/Documents/legged_robots_ws/install/ros_visuals/lib/python3.12/site-packages/ros_visuals/t11.py to t11.cpython-312.pyc
[0.946s] byte-compiling /home/ubuntu/Documents/legged_robots_ws/install/ros_visuals/lib/python3.12/site-packages/ros_visuals/t12.py to t12.cpython-312.pyc
[0.947s] byte-compiling /home/ubuntu/Documents/legged_robots_ws/install/ros_visuals/lib/python3.12/site-packages/ros_visuals/publisher_node.py to publisher_node.cpython-312.pyc
[0.947s] running install_data
[0.947s] creating /home/ubuntu/Documents/legged_robots_ws/install/ros_visuals/share/ament_index
[0.947s] creating /home/ubuntu/Documents/legged_robots_ws/install/ros_visuals/share/ament_index/resource_index
[0.947s] creating /home/ubuntu/Documents/legged_robots_ws/install/ros_visuals/share/ament_index/resource_index/packages
[0.947s] copying resource/ros_visuals -> /home/ubuntu/Documents/legged_robots_ws/install/ros_visuals/share/ament_index/resource_index/packages
[0.947s] copying package.xml -> /home/ubuntu/Documents/legged_robots_ws/install/ros_visuals/share/ros_visuals
[0.947s] running install_egg_info
[0.955s] Copying ../../build/ros_visuals/ros_visuals.egg-info to /home/ubuntu/Documents/legged_robots_ws/install/ros_visuals/lib/python3.12/site-packages/ros_visuals-0.0.0-py3.12.egg-info
[0.956s] running install_scripts
[1.024s] Installing coordinate_pub script to /home/ubuntu/Documents/legged_robots_ws/install/ros_visuals/lib/ros_visuals
[1.024s] Installing pub script to /home/ubuntu/Documents/legged_robots_ws/install/ros_visuals/lib/ros_visuals
[1.024s] Installing sub script to /home/ubuntu/Documents/legged_robots_ws/install/ros_visuals/lib/ros_visuals
[1.024s] Installing t12 script to /home/ubuntu/Documents/legged_robots_ws/install/ros_visuals/lib/ros_visuals
[1.025s] writing list of installed files to '/home/ubuntu/Documents/legged_robots_ws/build/ros_visuals/install.log'
[1.064s] Invoked command in '/home/ubuntu/Documents/legged_robots_ws/src/ros_visuals' returned '0': PS1=(.venv) \[\e]0;\u@\h: \w\a\]${debian_chroot:+($debian_chroot)}\[\033[01;32m\]\u@\h\[\033[00m\]:\[\033[01;34m\]\w\[\033[00m\]\$ PYTHONPATH=/home/ubuntu/Documents/legged_robots_ws/build/ros_visuals/prefix_override:/usr/lib/python3/dist-packages/colcon_core/task/python/colcon_distutils_commands:/home/ubuntu/Documents/legged_robots_ws/install/ros_visuals/lib/python3.12/site-packages:${PYTHONPATH} VIRTUAL_ENV_PROMPT=(.venv) /usr/bin/python3 -W ignore:setup.py install is deprecated -W ignore:easy_install command is deprecated setup.py egg_info --egg-base ../../build/ros_visuals build --build-base /home/ubuntu/Documents/legged_robots_ws/build/ros_visuals/build install --record /home/ubuntu/Documents/legged_robots_ws/build/ros_visuals/install.log --single-version-externally-managed install_data
