[0.792s] Invoking command in '/home/ubuntu/Documents/legged_robots_ws/src/my_other_python_libs': PS1=(.venv) \[\e]0;\u@\h: \w\a\]${debian_chroot:+($debian_chroot)}\[\033[01;32m\]\u@\h\[\033[00m\]:\[\033[01;34m\]\w\[\033[00m\]\$ PYTHONPATH=/home/ubuntu/Documents/legged_robots_ws/build/my_other_python_libs/prefix_override:/usr/lib/python3/dist-packages/colcon_core/task/python/colcon_distutils_commands:/home/ubuntu/Documents/legged_robots_ws/install/my_other_python_libs/lib/python3.12/site-packages:${PYTHONPATH} VIRTUAL_ENV_PROMPT=(.venv) /usr/bin/python3 -W ignore:setup.py install is deprecated -W ignore:easy_install command is deprecated setup.py egg_info --egg-base ../../build/my_other_python_libs build --build-base /home/ubuntu/Documents/legged_robots_ws/build/my_other_python_libs/build install --record /home/ubuntu/Documents/legged_robots_ws/build/my_other_python_libs/install.log --single-version-externally-managed install_data
[0.926s] running egg_info
[0.926s] creating ../../build/my_other_python_libs/my_other_python_libs.egg-info
[0.934s] writing ../../build/my_other_python_libs/my_other_python_libs.egg-info/PKG-INFO
[0.934s] writing dependency_links to ../../build/my_other_python_libs/my_other_python_libs.egg-info/dependency_links.txt
[0.934s] writing requirements to ../../build/my_other_python_libs/my_other_python_libs.egg-info/requires.txt
[0.934s] writing top-level names to ../../build/my_other_python_libs/my_other_python_libs.egg-info/top_level.txt
[0.934s] writing manifest file '../../build/my_other_python_libs/my_other_python_libs.egg-info/SOURCES.txt'
[0.949s] reading manifest file '../../build/my_other_python_libs/my_other_python_libs.egg-info/SOURCES.txt'
[0.949s] writing manifest file '../../build/my_other_python_libs/my_other_python_libs.egg-info/SOURCES.txt'
[0.949s] running build
[0.950s] running build_py
[0.950s] creating /home/ubuntu/Documents/legged_robots_ws/build/my_other_python_libs/build
[0.950s] creating /home/ubuntu/Documents/legged_robots_ws/build/my_other_python_libs/build/lib
[0.950s] creating /home/ubuntu/Documents/legged_robots_ws/build/my_other_python_libs/build/lib/my_other_python_libs
[0.950s] copying my_other_python_libs/other_python_lib_1.py -> /home/ubuntu/Documents/legged_robots_ws/build/my_other_python_libs/build/lib/my_other_python_libs
[0.950s] copying my_other_python_libs/other_python_lib_2.py -> /home/ubuntu/Documents/legged_robots_ws/build/my_other_python_libs/build/lib/my_other_python_libs
[0.950s] copying my_other_python_libs/__init__.py -> /home/ubuntu/Documents/legged_robots_ws/build/my_other_python_libs/build/lib/my_other_python_libs
[0.950s] running install
[0.954s] running install_lib
[0.964s] creating /home/ubuntu/Documents/legged_robots_ws/install/my_other_python_libs/lib/python3.12/site-packages/my_other_python_libs
[0.964s] copying /home/ubuntu/Documents/legged_robots_ws/build/my_other_python_libs/build/lib/my_other_python_libs/other_python_lib_1.py -> /home/ubuntu/Documents/legged_robots_ws/install/my_other_python_libs/lib/python3.12/site-packages/my_other_python_libs
[0.964s] copying /home/ubuntu/Documents/legged_robots_ws/build/my_other_python_libs/build/lib/my_other_python_libs/other_python_lib_2.py -> /home/ubuntu/Documents/legged_robots_ws/install/my_other_python_libs/lib/python3.12/site-packages/my_other_python_libs
[0.964s] copying /home/ubuntu/Documents/legged_robots_ws/build/my_other_python_libs/build/lib/my_other_python_libs/__init__.py -> /home/ubuntu/Documents/legged_robots_ws/install/my_other_python_libs/lib/python3.12/site-packages/my_other_python_libs
[0.965s] byte-compiling /home/ubuntu/Documents/legged_robots_ws/install/my_other_python_libs/lib/python3.12/site-packages/my_other_python_libs/other_python_lib_1.py to other_python_lib_1.cpython-312.pyc
[0.965s] byte-compiling /home/ubuntu/Documents/legged_robots_ws/install/my_other_python_libs/lib/python3.12/site-packages/my_other_python_libs/other_python_lib_2.py to other_python_lib_2.cpython-312.pyc
[0.966s] byte-compiling /home/ubuntu/Documents/legged_robots_ws/install/my_other_python_libs/lib/python3.12/site-packages/my_other_python_libs/__init__.py to __init__.cpython-312.pyc
[0.966s] running install_data
[0.966s] creating /home/ubuntu/Documents/legged_robots_ws/install/my_other_python_libs/share/ament_index
[0.966s] creating /home/ubuntu/Documents/legged_robots_ws/install/my_other_python_libs/share/ament_index/resource_index
[0.966s] creating /home/ubuntu/Documents/legged_robots_ws/install/my_other_python_libs/share/ament_index/resource_index/packages
[0.966s] copying resource/my_other_python_libs -> /home/ubuntu/Documents/legged_robots_ws/install/my_other_python_libs/share/ament_index/resource_index/packages
[0.967s] copying package.xml -> /home/ubuntu/Documents/legged_robots_ws/install/my_other_python_libs/share/my_other_python_libs
[0.967s] running install_egg_info
[0.980s] Copying ../../build/my_other_python_libs/my_other_python_libs.egg-info to /home/ubuntu/Documents/legged_robots_ws/install/my_other_python_libs/lib/python3.12/site-packages/my_other_python_libs-0.0.0-py3.12.egg-info
[0.981s] running install_scripts
[1.055s] writing list of installed files to '/home/ubuntu/Documents/legged_robots_ws/build/my_other_python_libs/install.log'
[1.163s] Invoked command in '/home/ubuntu/Documents/legged_robots_ws/src/my_other_python_libs' returned '0': PS1=(.venv) \[\e]0;\u@\h: \w\a\]${debian_chroot:+($debian_chroot)}\[\033[01;32m\]\u@\h\[\033[00m\]:\[\033[01;34m\]\w\[\033[00m\]\$ PYTHONPATH=/home/ubuntu/Documents/legged_robots_ws/build/my_other_python_libs/prefix_override:/usr/lib/python3/dist-packages/colcon_core/task/python/colcon_distutils_commands:/home/ubuntu/Documents/legged_robots_ws/install/my_other_python_libs/lib/python3.12/site-packages:${PYTHONPATH} VIRTUAL_ENV_PROMPT=(.venv) /usr/bin/python3 -W ignore:setup.py install is deprecated -W ignore:easy_install command is deprecated setup.py egg_info --egg-base ../../build/my_other_python_libs build --build-base /home/ubuntu/Documents/legged_robots_ws/build/my_other_python_libs/build install --record /home/ubuntu/Documents/legged_robots_ws/build/my_other_python_libs/install.log --single-version-externally-managed install_data
