running egg_info
creating ../../build/pybullet_sims/pybullet_sims.egg-info
writing ../../build/pybullet_sims/pybullet_sims.egg-info/PKG-INFO
writing dependency_links to ../../build/pybullet_sims/pybullet_sims.egg-info/dependency_links.txt
writing entry points to ../../build/pybullet_sims/pybullet_sims.egg-info/entry_points.txt
writing requirements to ../../build/pybullet_sims/pybullet_sims.egg-info/requires.txt
writing top-level names to ../../build/pybullet_sims/pybullet_sims.egg-info/top_level.txt
writing manifest file '../../build/pybullet_sims/pybullet_sims.egg-info/SOURCES.txt'
reading manifest file '../../build/pybullet_sims/pybullet_sims.egg-info/SOURCES.txt'
writing manifest file '../../build/pybullet_sims/pybullet_sims.egg-info/SOURCES.txt'
running build
running build_py
creating /home/ubuntu/Documents/legged_robots_ws/build/pybullet_sims/build
creating /home/ubuntu/Documents/legged_robots_ws/build/pybullet_sims/build/lib
creating /home/ubuntu/Documents/legged_robots_ws/build/pybullet_sims/build/lib/pybullet_sims
copying pybullet_sims/t2_temp.py -> /home/ubuntu/Documents/legged_robots_ws/build/pybullet_sims/build/lib/pybullet_sims
copying pybullet_sims/__init__.py -> /home/ubuntu/Documents/legged_robots_ws/build/pybullet_sims/build/lib/pybullet_sims
running install
running install_lib
creating /home/ubuntu/Documents/legged_robots_ws/install/pybullet_sims/lib/python3.12/site-packages/pybullet_sims
copying /home/ubuntu/Documents/legged_robots_ws/build/pybullet_sims/build/lib/pybullet_sims/t2_temp.py -> /home/ubuntu/Documents/legged_robots_ws/install/pybullet_sims/lib/python3.12/site-packages/pybullet_sims
copying /home/ubuntu/Documents/legged_robots_ws/build/pybullet_sims/build/lib/pybullet_sims/__init__.py -> /home/ubuntu/Documents/legged_robots_ws/install/pybullet_sims/lib/python3.12/site-packages/pybullet_sims
byte-compiling /home/ubuntu/Documents/legged_robots_ws/install/pybullet_sims/lib/python3.12/site-packages/pybullet_sims/t2_temp.py to t2_temp.cpython-312.pyc
byte-compiling /home/ubuntu/Documents/legged_robots_ws/install/pybullet_sims/lib/python3.12/site-packages/pybullet_sims/__init__.py to __init__.cpython-312.pyc
running install_data
creating /home/ubuntu/Documents/legged_robots_ws/install/pybullet_sims/share/ament_index
creating /home/ubuntu/Documents/legged_robots_ws/install/pybullet_sims/share/ament_index/resource_index
creating /home/ubuntu/Documents/legged_robots_ws/install/pybullet_sims/share/ament_index/resource_index/packages
copying resource/pybullet_sims -> /home/ubuntu/Documents/legged_robots_ws/install/pybullet_sims/share/ament_index/resource_index/packages
copying package.xml -> /home/ubuntu/Documents/legged_robots_ws/install/pybullet_sims/share/pybullet_sims
running install_egg_info
Copying ../../build/pybullet_sims/pybullet_sims.egg-info to /home/ubuntu/Documents/legged_robots_ws/install/pybullet_sims/lib/python3.12/site-packages/pybullet_sims-0.0.0-py3.12.egg-info
running install_scripts
Installing t2_temp script to /home/ubuntu/Documents/legged_robots_ws/install/pybullet_sims/lib/pybullet_sims
writing list of installed files to '/home/ubuntu/Documents/legged_robots_ws/build/pybullet_sims/install.log'
