[0.495s] Invoking command in '/home/ubuntu/Documents/legged_robots_ws/src/pybullet_sims': CMAKE_PREFIX_PATH=/home/ubuntu/Documents/legged_robots_ws/install/reemc_description:/home/ubuntu/Documents/legged_robots_ws/install/talos_description:/opt/ros/rolling/opt/gz_sim_vendor:/opt/ros/rolling/opt/gz_sensors_vendor:/opt/ros/rolling/opt/gz_gui_vendor:/opt/ros/rolling/opt/gz_transport_vendor:/opt/ros/rolling/opt/gz_physics_vendor:/opt/ros/rolling/opt/sdformat_vendor:/opt/ros/rolling/opt/gz_rendering_vendor:/opt/ros/rolling/opt/gz_plugin_vendor:/opt/ros/rolling/opt/gz_fuel_tools_vendor:/opt/ros/rolling/opt/gz_msgs_vendor:/opt/ros/rolling/opt/gz_common_vendor:/opt/ros/rolling/opt/gz_math_vendor:/opt/ros/rolling/opt/gz_utils_vendor:/opt/ros/rolling/opt/gz_tools_vendor:/opt/ros/rolling/opt/gz_ogre_next_vendor:/opt/ros/rolling/opt/gz_dartsim_vendor:/opt/ros/rolling/opt/gz_cmake_vendor PS1=(.venv) \[\e]0;\u@\h: \w\a\]${debian_chroot:+($debian_chroot)}\[\033[01;32m\]\u@\h\[\033[00m\]:\[\033[01;34m\]\w\[\033[00m\]\$ PYTHONPATH=/home/ubuntu/Documents/legged_robots_ws/build/pybullet_sims/prefix_override:/usr/lib/python3/dist-packages/colcon_core/task/python/colcon_distutils_commands:/home/ubuntu/Documents/legged_robots_ws/install/pybullet_sims/lib/python3.12/site-packages:${PYTHONPATH} VIRTUAL_ENV_PROMPT=(.venv) /usr/bin/python3 -W ignore:setup.py install is deprecated -W ignore:easy_install command is deprecated setup.py egg_info --egg-base ../../build/pybullet_sims build --build-base /home/ubuntu/Documents/legged_robots_ws/build/pybullet_sims/build install --record /home/ubuntu/Documents/legged_robots_ws/build/pybullet_sims/install.log --single-version-externally-managed install_data
[0.596s] running egg_info
[0.596s] creating ../../build/pybullet_sims/pybullet_sims.egg-info
[0.603s] writing ../../build/pybullet_sims/pybullet_sims.egg-info/PKG-INFO
[0.603s] writing dependency_links to ../../build/pybullet_sims/pybullet_sims.egg-info/dependency_links.txt
[0.603s] writing entry points to ../../build/pybullet_sims/pybullet_sims.egg-info/entry_points.txt
[0.603s] writing requirements to ../../build/pybullet_sims/pybullet_sims.egg-info/requires.txt
[0.603s] writing top-level names to ../../build/pybullet_sims/pybullet_sims.egg-info/top_level.txt
[0.603s] writing manifest file '../../build/pybullet_sims/pybullet_sims.egg-info/SOURCES.txt'
[0.617s] reading manifest file '../../build/pybullet_sims/pybullet_sims.egg-info/SOURCES.txt'
[0.618s] writing manifest file '../../build/pybullet_sims/pybullet_sims.egg-info/SOURCES.txt'
[0.618s] running build
[0.618s] running build_py
[0.618s] creating /home/ubuntu/Documents/legged_robots_ws/build/pybullet_sims/build
[0.618s] creating /home/ubuntu/Documents/legged_robots_ws/build/pybullet_sims/build/lib
[0.618s] creating /home/ubuntu/Documents/legged_robots_ws/build/pybullet_sims/build/lib/pybullet_sims
[0.618s] copying pybullet_sims/t2_temp.py -> /home/ubuntu/Documents/legged_robots_ws/build/pybullet_sims/build/lib/pybullet_sims
[0.618s] copying pybullet_sims/__init__.py -> /home/ubuntu/Documents/legged_robots_ws/build/pybullet_sims/build/lib/pybullet_sims
[0.619s] running install
[0.621s] running install_lib
[0.629s] creating /home/ubuntu/Documents/legged_robots_ws/install/pybullet_sims/lib/python3.12/site-packages/pybullet_sims
[0.629s] copying /home/ubuntu/Documents/legged_robots_ws/build/pybullet_sims/build/lib/pybullet_sims/t2_temp.py -> /home/ubuntu/Documents/legged_robots_ws/install/pybullet_sims/lib/python3.12/site-packages/pybullet_sims
[0.629s] copying /home/ubuntu/Documents/legged_robots_ws/build/pybullet_sims/build/lib/pybullet_sims/__init__.py -> /home/ubuntu/Documents/legged_robots_ws/install/pybullet_sims/lib/python3.12/site-packages/pybullet_sims
[0.629s] byte-compiling /home/ubuntu/Documents/legged_robots_ws/install/pybullet_sims/lib/python3.12/site-packages/pybullet_sims/t2_temp.py to t2_temp.cpython-312.pyc
[0.630s] byte-compiling /home/ubuntu/Documents/legged_robots_ws/install/pybullet_sims/lib/python3.12/site-packages/pybullet_sims/__init__.py to __init__.cpython-312.pyc
[0.630s] running install_data
[0.630s] creating /home/ubuntu/Documents/legged_robots_ws/install/pybullet_sims/share/ament_index
[0.630s] creating /home/ubuntu/Documents/legged_robots_ws/install/pybullet_sims/share/ament_index/resource_index
[0.630s] creating /home/ubuntu/Documents/legged_robots_ws/install/pybullet_sims/share/ament_index/resource_index/packages
[0.630s] copying resource/pybullet_sims -> /home/ubuntu/Documents/legged_robots_ws/install/pybullet_sims/share/ament_index/resource_index/packages
[0.630s] copying package.xml -> /home/ubuntu/Documents/legged_robots_ws/install/pybullet_sims/share/pybullet_sims
[0.630s] running install_egg_info
[0.638s] Copying ../../build/pybullet_sims/pybullet_sims.egg-info to /home/ubuntu/Documents/legged_robots_ws/install/pybullet_sims/lib/python3.12/site-packages/pybullet_sims-0.0.0-py3.12.egg-info
[0.638s] running install_scripts
[0.689s] Installing t2_temp script to /home/ubuntu/Documents/legged_robots_ws/install/pybullet_sims/lib/pybullet_sims
[0.689s] writing list of installed files to '/home/ubuntu/Documents/legged_robots_ws/build/pybullet_sims/install.log'
[0.703s] Invoked command in '/home/ubuntu/Documents/legged_robots_ws/src/pybullet_sims' returned '0': CMAKE_PREFIX_PATH=/home/ubuntu/Documents/legged_robots_ws/install/reemc_description:/home/ubuntu/Documents/legged_robots_ws/install/talos_description:/opt/ros/rolling/opt/gz_sim_vendor:/opt/ros/rolling/opt/gz_sensors_vendor:/opt/ros/rolling/opt/gz_gui_vendor:/opt/ros/rolling/opt/gz_transport_vendor:/opt/ros/rolling/opt/gz_physics_vendor:/opt/ros/rolling/opt/sdformat_vendor:/opt/ros/rolling/opt/gz_rendering_vendor:/opt/ros/rolling/opt/gz_plugin_vendor:/opt/ros/rolling/opt/gz_fuel_tools_vendor:/opt/ros/rolling/opt/gz_msgs_vendor:/opt/ros/rolling/opt/gz_common_vendor:/opt/ros/rolling/opt/gz_math_vendor:/opt/ros/rolling/opt/gz_utils_vendor:/opt/ros/rolling/opt/gz_tools_vendor:/opt/ros/rolling/opt/gz_ogre_next_vendor:/opt/ros/rolling/opt/gz_dartsim_vendor:/opt/ros/rolling/opt/gz_cmake_vendor PS1=(.venv) \[\e]0;\u@\h: \w\a\]${debian_chroot:+($debian_chroot)}\[\033[01;32m\]\u@\h\[\033[00m\]:\[\033[01;34m\]\w\[\033[00m\]\$ PYTHONPATH=/home/ubuntu/Documents/legged_robots_ws/build/pybullet_sims/prefix_override:/usr/lib/python3/dist-packages/colcon_core/task/python/colcon_distutils_commands:/home/ubuntu/Documents/legged_robots_ws/install/pybullet_sims/lib/python3.12/site-packages:${PYTHONPATH} VIRTUAL_ENV_PROMPT=(.venv) /usr/bin/python3 -W ignore:setup.py install is deprecated -W ignore:easy_install command is deprecated setup.py egg_info --egg-base ../../build/pybullet_sims build --build-base /home/ubuntu/Documents/legged_robots_ws/build/pybullet_sims/build install --record /home/ubuntu/Documents/legged_robots_ws/build/pybullet_sims/install.log --single-version-externally-managed install_data
