[0.426s] Invoking command in '/home/ubuntu/Documents/legged_robots_ws/build/talos_description': CMAKE_PREFIX_PATH=${CMAKE_PREFIX_PATH}:/home/ubuntu/Documents/legged_robots_ws/install/simulator:/home/ubuntu/Documents/legged_robots_ws/install/ros_visuals:/home/ubuntu/Documents/legged_robots_ws/install/pybullet_sims:/home/ubuntu/Documents/legged_robots_ws/install/my_robot_tutorials:/home/ubuntu/Documents/legged_robots_ws/install/my_python_libs:/home/ubuntu/Documents/legged_robots_ws/install/my_py_pkg:/home/ubuntu/Documents/legged_robots_ws/install/my_other_python_libs:/opt/ros/rolling PS1=(.venv) \[\e]0;\u@\h: \w\a\]${debian_chroot:+($debian_chroot)}\[\033[01;32m\]\u@\h\[\033[00m\]:\[\033[01;34m\]\w\[\033[00m\]\$ VIRTUAL_ENV_PROMPT=(.venv) /usr/bin/cmake /home/ubuntu/Documents/legged_robots_ws/src/talos_description -DCMAKE_INSTALL_PREFIX=/home/ubuntu/Documents/legged_robots_ws/install/talos_description
[0.471s] -- The C compiler identification is GNU 13.3.0
[0.518s] -- The CXX compiler identification is GNU 13.3.0
[0.532s] -- Detecting C compiler ABI info
[0.630s] -- Detecting C compiler ABI info - done
[0.639s] -- Check for working C compiler: /usr/bin/cc - skipped
[0.639s] -- Detecting C compile features
[0.639s] -- Detecting C compile features - done
[0.646s] -- Detecting CXX compiler ABI info
[0.735s] -- Detecting CXX compiler ABI info - done
[0.744s] -- Check for working CXX compiler: /usr/bin/c++ - skipped
[0.744s] -- Detecting CXX compile features
[0.744s] -- Detecting CXX compile features - done
[0.747s] -- Found ament_cmake: 2.8.5 (/opt/ros/rolling/share/ament_cmake/cmake)
[0.938s] -- Found urdf: 2.13.2 (/opt/ros/rolling/share/urdf/cmake)
[0.951s] -- Found xacro: 2.1.1 (/opt/ros/rolling/share/xacro/cmake)
[0.953s] -- Found ament_lint_auto: 0.20.3 (/opt/ros/rolling/share/ament_lint_auto/cmake)
[1.036s] -- Added test 'lint_cmake' to check CMake code style
[1.038s] -- Added test 'xmllint' to check XML markup files
[1.041s] -- Configuring done (0.6s)
[1.043s] -- Generating done (0.0s)
[1.043s] -- Build files have been written to: /home/ubuntu/Documents/legged_robots_ws/build/talos_description
[1.058s] Invoked command in '/home/ubuntu/Documents/legged_robots_ws/build/talos_description' returned '0': CMAKE_PREFIX_PATH=${CMAKE_PREFIX_PATH}:/home/ubuntu/Documents/legged_robots_ws/install/simulator:/home/ubuntu/Documents/legged_robots_ws/install/ros_visuals:/home/ubuntu/Documents/legged_robots_ws/install/pybullet_sims:/home/ubuntu/Documents/legged_robots_ws/install/my_robot_tutorials:/home/ubuntu/Documents/legged_robots_ws/install/my_python_libs:/home/ubuntu/Documents/legged_robots_ws/install/my_py_pkg:/home/ubuntu/Documents/legged_robots_ws/install/my_other_python_libs:/opt/ros/rolling PS1=(.venv) \[\e]0;\u@\h: \w\a\]${debian_chroot:+($debian_chroot)}\[\033[01;32m\]\u@\h\[\033[00m\]:\[\033[01;34m\]\w\[\033[00m\]\$ VIRTUAL_ENV_PROMPT=(.venv) /usr/bin/cmake /home/ubuntu/Documents/legged_robots_ws/src/talos_description -DCMAKE_INSTALL_PREFIX=/home/ubuntu/Documents/legged_robots_ws/install/talos_description
[1.058s] Invoking command in '/home/ubuntu/Documents/legged_robots_ws/build/talos_description': CMAKE_PREFIX_PATH=${CMAKE_PREFIX_PATH}:/home/ubuntu/Documents/legged_robots_ws/install/simulator:/home/ubuntu/Documents/legged_robots_ws/install/ros_visuals:/home/ubuntu/Documents/legged_robots_ws/install/pybullet_sims:/home/ubuntu/Documents/legged_robots_ws/install/my_robot_tutorials:/home/ubuntu/Documents/legged_robots_ws/install/my_python_libs:/home/ubuntu/Documents/legged_robots_ws/install/my_py_pkg:/home/ubuntu/Documents/legged_robots_ws/install/my_other_python_libs:/opt/ros/rolling PS1=(.venv) \[\e]0;\u@\h: \w\a\]${debian_chroot:+($debian_chroot)}\[\033[01;32m\]\u@\h\[\033[00m\]:\[\033[01;34m\]\w\[\033[00m\]\$ VIRTUAL_ENV_PROMPT=(.venv) /usr/bin/cmake --build /home/ubuntu/Documents/legged_robots_ws/build/talos_description -- -j10 -l10
[1.156s] Invoked command in '/home/ubuntu/Documents/legged_robots_ws/build/talos_description' returned '0': CMAKE_PREFIX_PATH=${CMAKE_PREFIX_PATH}:/home/ubuntu/Documents/legged_robots_ws/install/simulator:/home/ubuntu/Documents/legged_robots_ws/install/ros_visuals:/home/ubuntu/Documents/legged_robots_ws/install/pybullet_sims:/home/ubuntu/Documents/legged_robots_ws/install/my_robot_tutorials:/home/ubuntu/Documents/legged_robots_ws/install/my_python_libs:/home/ubuntu/Documents/legged_robots_ws/install/my_py_pkg:/home/ubuntu/Documents/legged_robots_ws/install/my_other_python_libs:/opt/ros/rolling PS1=(.venv) \[\e]0;\u@\h: \w\a\]${debian_chroot:+($debian_chroot)}\[\033[01;32m\]\u@\h\[\033[00m\]:\[\033[01;34m\]\w\[\033[00m\]\$ VIRTUAL_ENV_PROMPT=(.venv) /usr/bin/cmake --build /home/ubuntu/Documents/legged_robots_ws/build/talos_description -- -j10 -l10
[1.157s] Invoking command in '/home/ubuntu/Documents/legged_robots_ws/build/talos_description': CMAKE_PREFIX_PATH=${CMAKE_PREFIX_PATH}:/home/ubuntu/Documents/legged_robots_ws/install/simulator:/home/ubuntu/Documents/legged_robots_ws/install/ros_visuals:/home/ubuntu/Documents/legged_robots_ws/install/pybullet_sims:/home/ubuntu/Documents/legged_robots_ws/install/my_robot_tutorials:/home/ubuntu/Documents/legged_robots_ws/install/my_python_libs:/home/ubuntu/Documents/legged_robots_ws/install/my_py_pkg:/home/ubuntu/Documents/legged_robots_ws/install/my_other_python_libs:/opt/ros/rolling PS1=(.venv) \[\e]0;\u@\h: \w\a\]${debian_chroot:+($debian_chroot)}\[\033[01;32m\]\u@\h\[\033[00m\]:\[\033[01;34m\]\w\[\033[00m\]\$ VIRTUAL_ENV_PROMPT=(.venv) /usr/bin/cmake --install /home/ubuntu/Documents/legged_robots_ws/build/talos_description
[1.161s] -- Install configuration: ""
[1.161s] -- Installing: /home/ubuntu/Documents/legged_robots_ws/install/talos_description/share/ament_index/resource_index/package_run_dependencies/talos_description
[1.161s] -- Installing: /home/ubuntu/Documents/legged_robots_ws/install/talos_description/share/ament_index/resource_index/parent_prefix_path/talos_description
[1.161s] -- Installing: /home/ubuntu/Documents/legged_robots_ws/install/talos_description/share/talos_description/environment/ament_prefix_path.sh
[1.162s] -- Installing: /home/ubuntu/Documents/legged_robots_ws/install/talos_description/share/talos_description/environment/ament_prefix_path.dsv
[1.162s] -- Installing: /home/ubuntu/Documents/legged_robots_ws/install/talos_description/share/talos_description/environment/path.sh
[1.162s] -- Installing: /home/ubuntu/Documents/legged_robots_ws/install/talos_description/share/talos_description/environment/path.dsv
[1.162s] -- Installing: /home/ubuntu/Documents/legged_robots_ws/install/talos_description/share/talos_description/local_setup.bash
[1.162s] -- Installing: /home/ubuntu/Documents/legged_robots_ws/install/talos_description/share/talos_description/local_setup.sh
[1.162s] -- Installing: /home/ubuntu/Documents/legged_robots_ws/install/talos_description/share/talos_description/local_setup.zsh
[1.162s] -- Installing: /home/ubuntu/Documents/legged_robots_ws/install/talos_description/share/talos_description/local_setup.dsv
[1.162s] -- Installing: /home/ubuntu/Documents/legged_robots_ws/install/talos_description/share/talos_description/package.dsv
[1.162s] -- Installing: /home/ubuntu/Documents/legged_robots_ws/install/talos_description/share/ament_index/resource_index/packages/talos_description
[1.162s] -- Installing: /home/ubuntu/Documents/legged_robots_ws/install/talos_description/share/talos_description/cmake/talos_descriptionConfig.cmake
[1.162s] -- Installing: /home/ubuntu/Documents/legged_robots_ws/install/talos_description/share/talos_description/cmake/talos_descriptionConfig-version.cmake
[1.162s] -- Installing: /home/ubuntu/Documents/legged_robots_ws/install/talos_description/share/talos_description/package.xml
[1.163s] Invoked command in '/home/ubuntu/Documents/legged_robots_ws/build/talos_description' returned '0': CMAKE_PREFIX_PATH=${CMAKE_PREFIX_PATH}:/home/ubuntu/Documents/legged_robots_ws/install/simulator:/home/ubuntu/Documents/legged_robots_ws/install/ros_visuals:/home/ubuntu/Documents/legged_robots_ws/install/pybullet_sims:/home/ubuntu/Documents/legged_robots_ws/install/my_robot_tutorials:/home/ubuntu/Documents/legged_robots_ws/install/my_python_libs:/home/ubuntu/Documents/legged_robots_ws/install/my_py_pkg:/home/ubuntu/Documents/legged_robots_ws/install/my_other_python_libs:/opt/ros/rolling PS1=(.venv) \[\e]0;\u@\h: \w\a\]${debian_chroot:+($debian_chroot)}\[\033[01;32m\]\u@\h\[\033[00m\]:\[\033[01;34m\]\w\[\033[00m\]\$ VIRTUAL_ENV_PROMPT=(.venv) /usr/bin/cmake --install /home/ubuntu/Documents/legged_robots_ws/build/talos_description
