[0.434s] Invoking command in '/home/ubuntu/Documents/legged_robots_ws/build/talos_description': CMAKE_PREFIX_PATH=${CMAKE_PREFIX_PATH}:/home/ubuntu/Documents/legged_robots_ws/install/simulator:/home/ubuntu/Documents/legged_robots_ws/install/ros_visuals:/home/ubuntu/Documents/legged_robots_ws/install/pybullet_sims:/home/ubuntu/Documents/legged_robots_ws/install/my_robot_tutorials:/home/ubuntu/Documents/legged_robots_ws/install/my_python_libs:/home/ubuntu/Documents/legged_robots_ws/install/my_py_pkg:/home/ubuntu/Documents/legged_robots_ws/install/my_other_python_libs:/opt/ros/rolling PS1=(.venv) \[\e]0;\u@\h: \w\a\]${debian_chroot:+($debian_chroot)}\[\033[01;32m\]\u@\h\[\033[00m\]:\[\033[01;34m\]\w\[\033[00m\]\$ VIRTUAL_ENV_PROMPT=(.venv) /usr/bin/cmake --build /home/ubuntu/Documents/legged_robots_ws/build/talos_description -- -j10 -l10
[0.470s] Invoked command in '/home/ubuntu/Documents/legged_robots_ws/build/talos_description' returned '0': CMAKE_PREFIX_PATH=${CMAKE_PREFIX_PATH}:/home/ubuntu/Documents/legged_robots_ws/install/simulator:/home/ubuntu/Documents/legged_robots_ws/install/ros_visuals:/home/ubuntu/Documents/legged_robots_ws/install/pybullet_sims:/home/ubuntu/Documents/legged_robots_ws/install/my_robot_tutorials:/home/ubuntu/Documents/legged_robots_ws/install/my_python_libs:/home/ubuntu/Documents/legged_robots_ws/install/my_py_pkg:/home/ubuntu/Documents/legged_robots_ws/install/my_other_python_libs:/opt/ros/rolling PS1=(.venv) \[\e]0;\u@\h: \w\a\]${debian_chroot:+($debian_chroot)}\[\033[01;32m\]\u@\h\[\033[00m\]:\[\033[01;34m\]\w\[\033[00m\]\$ VIRTUAL_ENV_PROMPT=(.venv) /usr/bin/cmake --build /home/ubuntu/Documents/legged_robots_ws/build/talos_description -- -j10 -l10
[0.472s] Invoking command in '/home/ubuntu/Documents/legged_robots_ws/build/talos_description': CMAKE_PREFIX_PATH=${CMAKE_PREFIX_PATH}:/home/ubuntu/Documents/legged_robots_ws/install/simulator:/home/ubuntu/Documents/legged_robots_ws/install/ros_visuals:/home/ubuntu/Documents/legged_robots_ws/install/pybullet_sims:/home/ubuntu/Documents/legged_robots_ws/install/my_robot_tutorials:/home/ubuntu/Documents/legged_robots_ws/install/my_python_libs:/home/ubuntu/Documents/legged_robots_ws/install/my_py_pkg:/home/ubuntu/Documents/legged_robots_ws/install/my_other_python_libs:/opt/ros/rolling PS1=(.venv) \[\e]0;\u@\h: \w\a\]${debian_chroot:+($debian_chroot)}\[\033[01;32m\]\u@\h\[\033[00m\]:\[\033[01;34m\]\w\[\033[00m\]\$ VIRTUAL_ENV_PROMPT=(.venv) /usr/bin/cmake --install /home/ubuntu/Documents/legged_robots_ws/build/talos_description
[0.479s] -- Install configuration: ""
[0.479s] -- Up-to-date: /home/ubuntu/Documents/legged_robots_ws/install/talos_description/share/ament_index/resource_index/package_run_dependencies/talos_description
[0.479s] -- Up-to-date: /home/ubuntu/Documents/legged_robots_ws/install/talos_description/share/ament_index/resource_index/parent_prefix_path/talos_description
[0.480s] -- Up-to-date: /home/ubuntu/Documents/legged_robots_ws/install/talos_description/share/talos_description/environment/ament_prefix_path.sh
[0.480s] -- Up-to-date: /home/ubuntu/Documents/legged_robots_ws/install/talos_description/share/talos_description/environment/ament_prefix_path.dsv
[0.480s] -- Up-to-date: /home/ubuntu/Documents/legged_robots_ws/install/talos_description/share/talos_description/environment/path.sh
[0.480s] -- Up-to-date: /home/ubuntu/Documents/legged_robots_ws/install/talos_description/share/talos_description/environment/path.dsv
[0.480s] -- Up-to-date: /home/ubuntu/Documents/legged_robots_ws/install/talos_description/share/talos_description/local_setup.bash
[0.480s] -- Up-to-date: /home/ubuntu/Documents/legged_robots_ws/install/talos_description/share/talos_description/local_setup.sh
[0.481s] -- Up-to-date: /home/ubuntu/Documents/legged_robots_ws/install/talos_description/share/talos_description/local_setup.zsh
[0.481s] -- Up-to-date: /home/ubuntu/Documents/legged_robots_ws/install/talos_description/share/talos_description/local_setup.dsv
[0.481s] -- Up-to-date: /home/ubuntu/Documents/legged_robots_ws/install/talos_description/share/talos_description/package.dsv
[0.481s] -- Up-to-date: /home/ubuntu/Documents/legged_robots_ws/install/talos_description/share/ament_index/resource_index/packages/talos_description
[0.481s] -- Up-to-date: /home/ubuntu/Documents/legged_robots_ws/install/talos_description/share/talos_description/cmake/talos_descriptionConfig.cmake
[0.481s] -- Up-to-date: /home/ubuntu/Documents/legged_robots_ws/install/talos_description/share/talos_description/cmake/talos_descriptionConfig-version.cmake
[0.481s] -- Up-to-date: /home/ubuntu/Documents/legged_robots_ws/install/talos_description/share/talos_description/package.xml
[0.603s] Invoked command in '/home/ubuntu/Documents/legged_robots_ws/build/talos_description' returned '0': CMAKE_PREFIX_PATH=${CMAKE_PREFIX_PATH}:/home/ubuntu/Documents/legged_robots_ws/install/simulator:/home/ubuntu/Documents/legged_robots_ws/install/ros_visuals:/home/ubuntu/Documents/legged_robots_ws/install/pybullet_sims:/home/ubuntu/Documents/legged_robots_ws/install/my_robot_tutorials:/home/ubuntu/Documents/legged_robots_ws/install/my_python_libs:/home/ubuntu/Documents/legged_robots_ws/install/my_py_pkg:/home/ubuntu/Documents/legged_robots_ws/install/my_other_python_libs:/opt/ros/rolling PS1=(.venv) \[\e]0;\u@\h: \w\a\]${debian_chroot:+($debian_chroot)}\[\033[01;32m\]\u@\h\[\033[00m\]:\[\033[01;34m\]\w\[\033[00m\]\$ VIRTUAL_ENV_PROMPT=(.venv) /usr/bin/cmake --install /home/ubuntu/Documents/legged_robots_ws/build/talos_description
