/home/ubuntu/Documents/legged_robots/install/ros_visuals/lib/python3.12/site-packages/ros_visuals/subscriber_node.py
/home/ubuntu/Documents/legged_robots/install/ros_visuals/lib/python3.12/site-packages/ros_visuals/__init__.py
/home/ubuntu/Documents/legged_robots/install/ros_visuals/lib/python3.12/site-packages/ros_visuals/t11.py
/home/ubuntu/Documents/legged_robots/install/ros_visuals/lib/python3.12/site-packages/ros_visuals/t12.py
/home/ubuntu/Documents/legged_robots/install/ros_visuals/lib/python3.12/site-packages/ros_visuals/publisher_node.py
/home/ubuntu/Documents/legged_robots/install/ros_visuals/lib/python3.12/site-packages/ros_visuals/__pycache__/subscriber_node.cpython-312.pyc
/home/ubuntu/Documents/legged_robots/install/ros_visuals/lib/python3.12/site-packages/ros_visuals/__pycache__/__init__.cpython-312.pyc
/home/ubuntu/Documents/legged_robots/install/ros_visuals/lib/python3.12/site-packages/ros_visuals/__pycache__/t11.cpython-312.pyc
/home/ubuntu/Documents/legged_robots/install/ros_visuals/lib/python3.12/site-packages/ros_visuals/__pycache__/t12.cpython-312.pyc
/home/ubuntu/Documents/legged_robots/install/ros_visuals/lib/python3.12/site-packages/ros_visuals/__pycache__/publisher_node.cpython-312.pyc
/home/ubuntu/Documents/legged_robots/install/ros_visuals/share/ament_index/resource_index/packages/ros_visuals
/home/ubuntu/Documents/legged_robots/install/ros_visuals/share/ros_visuals/package.xml
/home/ubuntu/Documents/legged_robots/install/ros_visuals/lib/python3.12/site-packages/ros_visuals-0.0.0-py3.12.egg-info/PKG-INFO
/home/ubuntu/Documents/legged_robots/install/ros_visuals/lib/python3.12/site-packages/ros_visuals-0.0.0-py3.12.egg-info/SOURCES.txt
/home/ubuntu/Documents/legged_robots/install/ros_visuals/lib/python3.12/site-packages/ros_visuals-0.0.0-py3.12.egg-info/requires.txt
/home/ubuntu/Documents/legged_robots/install/ros_visuals/lib/python3.12/site-packages/ros_visuals-0.0.0-py3.12.egg-info/zip-safe
/home/ubuntu/Documents/legged_robots/install/ros_visuals/lib/python3.12/site-packages/ros_visuals-0.0.0-py3.12.egg-info/dependency_links.txt
/home/ubuntu/Documents/legged_robots/install/ros_visuals/lib/python3.12/site-packages/ros_visuals-0.0.0-py3.12.egg-info/entry_points.txt
/home/ubuntu/Documents/legged_robots/install/ros_visuals/lib/python3.12/site-packages/ros_visuals-0.0.0-py3.12.egg-info/top_level.txt
/home/ubuntu/Documents/legged_robots/install/ros_visuals/lib/ros_visuals/coordinate_pub
/home/ubuntu/Documents/legged_robots/install/ros_visuals/lib/ros_visuals/pub
/home/ubuntu/Documents/legged_robots/install/ros_visuals/lib/ros_visuals/sub
/home/ubuntu/Documents/legged_robots/install/ros_visuals/lib/ros_visuals/t12
