[0.752s] Invoking command in '/home/ubuntu/Documents/legged_robots_ws/src/my_python_libs': PS1=(.venv) \[\e]0;\u@\h: \w\a\]${debian_chroot:+($debian_chroot)}\[\033[01;32m\]\u@\h\[\033[00m\]:\[\033[01;34m\]\w\[\033[00m\]\$ PYTHONPATH=/home/ubuntu/Documents/legged_robots_ws/build/my_python_libs/prefix_override:/usr/lib/python3/dist-packages/colcon_core/task/python/colcon_distutils_commands:/home/ubuntu/Documents/legged_robots_ws/install/my_python_libs/lib/python3.12/site-packages:${PYTHONPATH} VIRTUAL_ENV_PROMPT=(.venv) /usr/bin/python3 -W ignore:setup.py install is deprecated -W ignore:easy_install command is deprecated setup.py egg_info --egg-base ../../build/my_python_libs build --build-base /home/ubuntu/Documents/legged_robots_ws/build/my_python_libs/build install --record /home/ubuntu/Documents/legged_robots_ws/build/my_python_libs/install.log --single-version-externally-managed install_data
[0.895s] running egg_info
[0.895s] creating ../../build/my_python_libs/my_python_libs.egg-info
[0.902s] writing ../../build/my_python_libs/my_python_libs.egg-info/PKG-INFO
[0.902s] writing dependency_links to ../../build/my_python_libs/my_python_libs.egg-info/dependency_links.txt
[0.902s] writing requirements to ../../build/my_python_libs/my_python_libs.egg-info/requires.txt
[0.902s] writing top-level names to ../../build/my_python_libs/my_python_libs.egg-info/top_level.txt
[0.902s] writing manifest file '../../build/my_python_libs/my_python_libs.egg-info/SOURCES.txt'
[0.922s] reading manifest file '../../build/my_python_libs/my_python_libs.egg-info/SOURCES.txt'
[0.922s] writing manifest file '../../build/my_python_libs/my_python_libs.egg-info/SOURCES.txt'
[0.922s] running build
[0.922s] running build_py
[0.923s] creating /home/ubuntu/Documents/legged_robots_ws/build/my_python_libs/build
[0.923s] creating /home/ubuntu/Documents/legged_robots_ws/build/my_python_libs/build/lib
[0.923s] creating /home/ubuntu/Documents/legged_robots_ws/build/my_python_libs/build/lib/my_python_libs
[0.923s] copying my_python_libs/__init__.py -> /home/ubuntu/Documents/legged_robots_ws/build/my_python_libs/build/lib/my_python_libs
[0.923s] copying my_python_libs/python_lib_2.py -> /home/ubuntu/Documents/legged_robots_ws/build/my_python_libs/build/lib/my_python_libs
[0.924s] copying my_python_libs/python_lib_1.py -> /home/ubuntu/Documents/legged_robots_ws/build/my_python_libs/build/lib/my_python_libs
[0.924s] running install
[0.930s] running install_lib
[0.939s] creating /home/ubuntu/Documents/legged_robots_ws/install/my_python_libs/lib/python3.12/site-packages/my_python_libs
[0.940s] copying /home/ubuntu/Documents/legged_robots_ws/build/my_python_libs/build/lib/my_python_libs/__init__.py -> /home/ubuntu/Documents/legged_robots_ws/install/my_python_libs/lib/python3.12/site-packages/my_python_libs
[0.940s] copying /home/ubuntu/Documents/legged_robots_ws/build/my_python_libs/build/lib/my_python_libs/python_lib_2.py -> /home/ubuntu/Documents/legged_robots_ws/install/my_python_libs/lib/python3.12/site-packages/my_python_libs
[0.940s] copying /home/ubuntu/Documents/legged_robots_ws/build/my_python_libs/build/lib/my_python_libs/python_lib_1.py -> /home/ubuntu/Documents/legged_robots_ws/install/my_python_libs/lib/python3.12/site-packages/my_python_libs
[0.940s] byte-compiling /home/ubuntu/Documents/legged_robots_ws/install/my_python_libs/lib/python3.12/site-packages/my_python_libs/__init__.py to __init__.cpython-312.pyc
[0.940s] byte-compiling /home/ubuntu/Documents/legged_robots_ws/install/my_python_libs/lib/python3.12/site-packages/my_python_libs/python_lib_2.py to python_lib_2.cpython-312.pyc
[0.940s] byte-compiling /home/ubuntu/Documents/legged_robots_ws/install/my_python_libs/lib/python3.12/site-packages/my_python_libs/python_lib_1.py to python_lib_1.cpython-312.pyc
[0.940s] running install_data
[0.940s] creating /home/ubuntu/Documents/legged_robots_ws/install/my_python_libs/share/ament_index
[0.940s] creating /home/ubuntu/Documents/legged_robots_ws/install/my_python_libs/share/ament_index/resource_index
[0.940s] creating /home/ubuntu/Documents/legged_robots_ws/install/my_python_libs/share/ament_index/resource_index/packages
[0.941s] copying resource/my_python_libs -> /home/ubuntu/Documents/legged_robots_ws/install/my_python_libs/share/ament_index/resource_index/packages
[0.941s] copying package.xml -> /home/ubuntu/Documents/legged_robots_ws/install/my_python_libs/share/my_python_libs
[0.941s] running install_egg_info
[0.954s] Copying ../../build/my_python_libs/my_python_libs.egg-info to /home/ubuntu/Documents/legged_robots_ws/install/my_python_libs/lib/python3.12/site-packages/my_python_libs-0.0.0-py3.12.egg-info
[0.955s] running install_scripts
[1.027s] writing list of installed files to '/home/ubuntu/Documents/legged_robots_ws/build/my_python_libs/install.log'
[1.059s] Invoked command in '/home/ubuntu/Documents/legged_robots_ws/src/my_python_libs' returned '0': PS1=(.venv) \[\e]0;\u@\h: \w\a\]${debian_chroot:+($debian_chroot)}\[\033[01;32m\]\u@\h\[\033[00m\]:\[\033[01;34m\]\w\[\033[00m\]\$ PYTHONPATH=/home/ubuntu/Documents/legged_robots_ws/build/my_python_libs/prefix_override:/usr/lib/python3/dist-packages/colcon_core/task/python/colcon_distutils_commands:/home/ubuntu/Documents/legged_robots_ws/install/my_python_libs/lib/python3.12/site-packages:${PYTHONPATH} VIRTUAL_ENV_PROMPT=(.venv) /usr/bin/python3 -W ignore:setup.py install is deprecated -W ignore:easy_install command is deprecated setup.py egg_info --egg-base ../../build/my_python_libs build --build-base /home/ubuntu/Documents/legged_robots_ws/build/my_python_libs/build install --record /home/ubuntu/Documents/legged_robots_ws/build/my_python_libs/install.log --single-version-externally-managed install_data
