running egg_info
creating ../../build/my_robot_tutorials/my_robot_tutorials.egg-info
writing ../../build/my_robot_tutorials/my_robot_tutorials.egg-info/PKG-INFO
writing dependency_links to ../../build/my_robot_tutorials/my_robot_tutorials.egg-info/dependency_links.txt
writing requirements to ../../build/my_robot_tutorials/my_robot_tutorials.egg-info/requires.txt
writing top-level names to ../../build/my_robot_tutorials/my_robot_tutorials.egg-info/top_level.txt
writing manifest file '../../build/my_robot_tutorials/my_robot_tutorials.egg-info/SOURCES.txt'
reading manifest file '../../build/my_robot_tutorials/my_robot_tutorials.egg-info/SOURCES.txt'
writing manifest file '../../build/my_robot_tutorials/my_robot_tutorials.egg-info/SOURCES.txt'
running build
running build_py
creating /home/ubuntu/Documents/legged_robots_ws/build/my_robot_tutorials/build
creating /home/ubuntu/Documents/legged_robots_ws/build/my_robot_tutorials/build/lib
creating /home/ubuntu/Documents/legged_robots_ws/build/my_robot_tutorials/build/lib/my_robot_tutorials
copying my_robot_tutorials/__init__.py -> /home/ubuntu/Documents/legged_robots_ws/build/my_robot_tutorials/build/lib/my_robot_tutorials
copying my_robot_tutorials/test_import_1.py -> /home/ubuntu/Documents/legged_robots_ws/build/my_robot_tutorials/build/lib/my_robot_tutorials
copying my_robot_tutorials/test_import_2.py -> /home/ubuntu/Documents/legged_robots_ws/build/my_robot_tutorials/build/lib/my_robot_tutorials
running install
running install_lib
creating /home/ubuntu/Documents/legged_robots_ws/install/my_robot_tutorials/lib/python3.12/site-packages/my_robot_tutorials
copying /home/ubuntu/Documents/legged_robots_ws/build/my_robot_tutorials/build/lib/my_robot_tutorials/__init__.py -> /home/ubuntu/Documents/legged_robots_ws/install/my_robot_tutorials/lib/python3.12/site-packages/my_robot_tutorials
copying /home/ubuntu/Documents/legged_robots_ws/build/my_robot_tutorials/build/lib/my_robot_tutorials/test_import_1.py -> /home/ubuntu/Documents/legged_robots_ws/install/my_robot_tutorials/lib/python3.12/site-packages/my_robot_tutorials
copying /home/ubuntu/Documents/legged_robots_ws/build/my_robot_tutorials/build/lib/my_robot_tutorials/test_import_2.py -> /home/ubuntu/Documents/legged_robots_ws/install/my_robot_tutorials/lib/python3.12/site-packages/my_robot_tutorials
byte-compiling /home/ubuntu/Documents/legged_robots_ws/install/my_robot_tutorials/lib/python3.12/site-packages/my_robot_tutorials/__init__.py to __init__.cpython-312.pyc
byte-compiling /home/ubuntu/Documents/legged_robots_ws/install/my_robot_tutorials/lib/python3.12/site-packages/my_robot_tutorials/test_import_1.py to test_import_1.cpython-312.pyc
byte-compiling /home/ubuntu/Documents/legged_robots_ws/install/my_robot_tutorials/lib/python3.12/site-packages/my_robot_tutorials/test_import_2.py to test_import_2.cpython-312.pyc
running install_data
creating /home/ubuntu/Documents/legged_robots_ws/install/my_robot_tutorials/share/ament_index
creating /home/ubuntu/Documents/legged_robots_ws/install/my_robot_tutorials/share/ament_index/resource_index
creating /home/ubuntu/Documents/legged_robots_ws/install/my_robot_tutorials/share/ament_index/resource_index/packages
copying resource/my_robot_tutorials -> /home/ubuntu/Documents/legged_robots_ws/install/my_robot_tutorials/share/ament_index/resource_index/packages
copying package.xml -> /home/ubuntu/Documents/legged_robots_ws/install/my_robot_tutorials/share/my_robot_tutorials
running install_egg_info
Copying ../../build/my_robot_tutorials/my_robot_tutorials.egg-info to /home/ubuntu/Documents/legged_robots_ws/install/my_robot_tutorials/lib/python3.12/site-packages/my_robot_tutorials-0.0.0-py3.12.egg-info
running install_scripts
writing list of installed files to '/home/ubuntu/Documents/legged_robots_ws/build/my_robot_tutorials/install.log'
