[0.330s] Invoking command in '/home/ubuntu/Documents/legged_robots_ws/src/my_robot_tutorials': AMENT_PREFIX_PATH=/home/ubuntu/Documents/legged_robots_ws/install/my_python_libs:/home/ubuntu/Documents/legged_robots_ws/install/talos_description:/home/ubuntu/Documents/legged_robots_ws/install/simulator:/home/ubuntu/Documents/legged_robots_ws/install/ros_visuals:/home/ubuntu/Documents/legged_robots_ws/install/pybullet_sims:/home/ubuntu/Documents/legged_robots_ws/install/reemc_description:/home/ubuntu/Documents/legged_robots_ws/install/my_robot_tutorials:/home/ubuntu/Documents/legged_robots_ws/install/my_py_pkg:/home/ubuntu/Documents/legged_robots_ws/install/my_other_python_libs:/opt/ros/rolling PS1=(.venv) \[\e]0;\u@\h: \w\a\]${debian_chroot:+($debian_chroot)}\[\033[01;32m\]\u@\h\[\033[00m\]:\[\033[01;34m\]\w\[\033[00m\]\$ PYTHONPATH=/home/ubuntu/Documents/legged_robots_ws/build/my_robot_tutorials/prefix_override:/usr/lib/python3/dist-packages/colcon_core/task/python/colcon_distutils_commands:/home/ubuntu/Documents/legged_robots_ws/install/my_robot_tutorials/lib/python3.12/site-packages:/home/ubuntu/Documents/legged_robots_ws/install/my_python_libs/lib/python3.12/site-packages:/home/ubuntu/Documents/legged_robots_ws/install/simulator/lib/python3.12/site-packages:/home/ubuntu/Documents/legged_robots_ws/install/ros_visuals/lib/python3.12/site-packages:/home/ubuntu/Documents/legged_robots_ws/install/pybullet_sims/lib/python3.12/site-packages:/home/ubuntu/Documents/legged_robots_ws/install/my_robot_tutorials/lib/python3.12/site-packages:/home/ubuntu/Documents/legged_robots_ws/install/my_py_pkg/lib/python3.12/site-packages:/home/ubuntu/Documents/legged_robots_ws/install/my_other_python_libs/lib/python3.12/site-packages:/home/ubuntu/Documents/legged_robots_ws/.venv/lib/python3.12/site-packages:/home/ubuntu/Documents/legged_robots_ws/.venv/lib/python3.12/site-packages:/opt/ros/rolling/opt/gz_sim_vendor/lib/python:/opt/ros/rolling/opt/gz_transport_vendor/lib/python:/opt/ros/rolling/opt/sdformat_vendor/lib/python:/opt/ros/rolling/opt/gz_msgs_vendor/lib/python:/opt/ros/rolling/opt/gz_math_vendor/lib/python:/opt/ros/rolling/lib/python3.12/site-packages VIRTUAL_ENV_PROMPT=(.venv) /usr/bin/python3 -W ignore:setup.py install is deprecated -W ignore:easy_install command is deprecated setup.py egg_info --egg-base ../../build/my_robot_tutorials build --build-base /home/ubuntu/Documents/legged_robots_ws/build/my_robot_tutorials/build install --record /home/ubuntu/Documents/legged_robots_ws/build/my_robot_tutorials/install.log --single-version-externally-managed install_data
[0.426s] running egg_info
[0.426s] creating ../../build/my_robot_tutorials/my_robot_tutorials.egg-info
[0.433s] writing ../../build/my_robot_tutorials/my_robot_tutorials.egg-info/PKG-INFO
[0.433s] writing dependency_links to ../../build/my_robot_tutorials/my_robot_tutorials.egg-info/dependency_links.txt
[0.433s] writing requirements to ../../build/my_robot_tutorials/my_robot_tutorials.egg-info/requires.txt
[0.433s] writing top-level names to ../../build/my_robot_tutorials/my_robot_tutorials.egg-info/top_level.txt
[0.433s] writing manifest file '../../build/my_robot_tutorials/my_robot_tutorials.egg-info/SOURCES.txt'
[0.446s] reading manifest file '../../build/my_robot_tutorials/my_robot_tutorials.egg-info/SOURCES.txt'
[0.446s] writing manifest file '../../build/my_robot_tutorials/my_robot_tutorials.egg-info/SOURCES.txt'
[0.446s] running build
[0.446s] running build_py
[0.446s] creating /home/ubuntu/Documents/legged_robots_ws/build/my_robot_tutorials/build
[0.446s] creating /home/ubuntu/Documents/legged_robots_ws/build/my_robot_tutorials/build/lib
[0.446s] creating /home/ubuntu/Documents/legged_robots_ws/build/my_robot_tutorials/build/lib/my_robot_tutorials
[0.446s] copying my_robot_tutorials/__init__.py -> /home/ubuntu/Documents/legged_robots_ws/build/my_robot_tutorials/build/lib/my_robot_tutorials
[0.446s] copying my_robot_tutorials/test_import_1.py -> /home/ubuntu/Documents/legged_robots_ws/build/my_robot_tutorials/build/lib/my_robot_tutorials
[0.447s] copying my_robot_tutorials/test_import_2.py -> /home/ubuntu/Documents/legged_robots_ws/build/my_robot_tutorials/build/lib/my_robot_tutorials
[0.447s] running install
[0.450s] running install_lib
[0.456s] creating /home/ubuntu/Documents/legged_robots_ws/install/my_robot_tutorials/lib/python3.12/site-packages/my_robot_tutorials
[0.456s] copying /home/ubuntu/Documents/legged_robots_ws/build/my_robot_tutorials/build/lib/my_robot_tutorials/__init__.py -> /home/ubuntu/Documents/legged_robots_ws/install/my_robot_tutorials/lib/python3.12/site-packages/my_robot_tutorials
[0.456s] copying /home/ubuntu/Documents/legged_robots_ws/build/my_robot_tutorials/build/lib/my_robot_tutorials/test_import_1.py -> /home/ubuntu/Documents/legged_robots_ws/install/my_robot_tutorials/lib/python3.12/site-packages/my_robot_tutorials
[0.456s] copying /home/ubuntu/Documents/legged_robots_ws/build/my_robot_tutorials/build/lib/my_robot_tutorials/test_import_2.py -> /home/ubuntu/Documents/legged_robots_ws/install/my_robot_tutorials/lib/python3.12/site-packages/my_robot_tutorials
[0.456s] byte-compiling /home/ubuntu/Documents/legged_robots_ws/install/my_robot_tutorials/lib/python3.12/site-packages/my_robot_tutorials/__init__.py to __init__.cpython-312.pyc
[0.456s] byte-compiling /home/ubuntu/Documents/legged_robots_ws/install/my_robot_tutorials/lib/python3.12/site-packages/my_robot_tutorials/test_import_1.py to test_import_1.cpython-312.pyc
[0.457s] byte-compiling /home/ubuntu/Documents/legged_robots_ws/install/my_robot_tutorials/lib/python3.12/site-packages/my_robot_tutorials/test_import_2.py to test_import_2.cpython-312.pyc
[0.457s] running install_data
[0.457s] creating /home/ubuntu/Documents/legged_robots_ws/install/my_robot_tutorials/share/ament_index
[0.457s] creating /home/ubuntu/Documents/legged_robots_ws/install/my_robot_tutorials/share/ament_index/resource_index
[0.457s] creating /home/ubuntu/Documents/legged_robots_ws/install/my_robot_tutorials/share/ament_index/resource_index/packages
[0.457s] copying resource/my_robot_tutorials -> /home/ubuntu/Documents/legged_robots_ws/install/my_robot_tutorials/share/ament_index/resource_index/packages
[0.457s] copying package.xml -> /home/ubuntu/Documents/legged_robots_ws/install/my_robot_tutorials/share/my_robot_tutorials
[0.457s] running install_egg_info
[0.464s] Copying ../../build/my_robot_tutorials/my_robot_tutorials.egg-info to /home/ubuntu/Documents/legged_robots_ws/install/my_robot_tutorials/lib/python3.12/site-packages/my_robot_tutorials-0.0.0-py3.12.egg-info
[0.464s] running install_scripts
[0.512s] writing list of installed files to '/home/ubuntu/Documents/legged_robots_ws/build/my_robot_tutorials/install.log'
[0.523s] Invoked command in '/home/ubuntu/Documents/legged_robots_ws/src/my_robot_tutorials' returned '0': AMENT_PREFIX_PATH=/home/ubuntu/Documents/legged_robots_ws/install/my_python_libs:/home/ubuntu/Documents/legged_robots_ws/install/talos_description:/home/ubuntu/Documents/legged_robots_ws/install/simulator:/home/ubuntu/Documents/legged_robots_ws/install/ros_visuals:/home/ubuntu/Documents/legged_robots_ws/install/pybullet_sims:/home/ubuntu/Documents/legged_robots_ws/install/reemc_description:/home/ubuntu/Documents/legged_robots_ws/install/my_robot_tutorials:/home/ubuntu/Documents/legged_robots_ws/install/my_py_pkg:/home/ubuntu/Documents/legged_robots_ws/install/my_other_python_libs:/opt/ros/rolling PS1=(.venv) \[\e]0;\u@\h: \w\a\]${debian_chroot:+($debian_chroot)}\[\033[01;32m\]\u@\h\[\033[00m\]:\[\033[01;34m\]\w\[\033[00m\]\$ PYTHONPATH=/home/ubuntu/Documents/legged_robots_ws/build/my_robot_tutorials/prefix_override:/usr/lib/python3/dist-packages/colcon_core/task/python/colcon_distutils_commands:/home/ubuntu/Documents/legged_robots_ws/install/my_robot_tutorials/lib/python3.12/site-packages:/home/ubuntu/Documents/legged_robots_ws/install/my_python_libs/lib/python3.12/site-packages:/home/ubuntu/Documents/legged_robots_ws/install/simulator/lib/python3.12/site-packages:/home/ubuntu/Documents/legged_robots_ws/install/ros_visuals/lib/python3.12/site-packages:/home/ubuntu/Documents/legged_robots_ws/install/pybullet_sims/lib/python3.12/site-packages:/home/ubuntu/Documents/legged_robots_ws/install/my_robot_tutorials/lib/python3.12/site-packages:/home/ubuntu/Documents/legged_robots_ws/install/my_py_pkg/lib/python3.12/site-packages:/home/ubuntu/Documents/legged_robots_ws/install/my_other_python_libs/lib/python3.12/site-packages:/home/ubuntu/Documents/legged_robots_ws/.venv/lib/python3.12/site-packages:/home/ubuntu/Documents/legged_robots_ws/.venv/lib/python3.12/site-packages:/opt/ros/rolling/opt/gz_sim_vendor/lib/python:/opt/ros/rolling/opt/gz_transport_vendor/lib/python:/opt/ros/rolling/opt/sdformat_vendor/lib/python:/opt/ros/rolling/opt/gz_msgs_vendor/lib/python:/opt/ros/rolling/opt/gz_math_vendor/lib/python:/opt/ros/rolling/lib/python3.12/site-packages VIRTUAL_ENV_PROMPT=(.venv) /usr/bin/python3 -W ignore:setup.py install is deprecated -W ignore:easy_install command is deprecated setup.py egg_info --egg-base ../../build/my_robot_tutorials build --build-base /home/ubuntu/Documents/legged_robots_ws/build/my_robot_tutorials/build install --record /home/ubuntu/Documents/legged_robots_ws/build/my_robot_tutorials/install.log --single-version-externally-managed install_data
