[0.768s] Invoking command in '/home/ubuntu/Documents/legged_robots_ws/src/my_py_pkg': PS1=(.venv) \[\e]0;\u@\h: \w\a\]${debian_chroot:+($debian_chroot)}\[\033[01;32m\]\u@\h\[\033[00m\]:\[\033[01;34m\]\w\[\033[00m\]\$ PYTHONPATH=/home/ubuntu/Documents/legged_robots_ws/build/my_py_pkg/prefix_override:/usr/lib/python3/dist-packages/colcon_core/task/python/colcon_distutils_commands:/home/ubuntu/Documents/legged_robots_ws/install/my_py_pkg/lib/python3.12/site-packages:${PYTHONPATH} VIRTUAL_ENV_PROMPT=(.venv) /usr/bin/python3 -W ignore:setup.py install is deprecated -W ignore:easy_install command is deprecated setup.py egg_info --egg-base ../../build/my_py_pkg build --build-base /home/ubuntu/Documents/legged_robots_ws/build/my_py_pkg/build install --record /home/ubuntu/Documents/legged_robots_ws/build/my_py_pkg/install.log --single-version-externally-managed install_data
[0.914s] running egg_info
[0.914s] creating ../../build/my_py_pkg/my_py_pkg.egg-info
[0.921s] writing ../../build/my_py_pkg/my_py_pkg.egg-info/PKG-INFO
[0.921s] writing dependency_links to ../../build/my_py_pkg/my_py_pkg.egg-info/dependency_links.txt
[0.921s] writing requirements to ../../build/my_py_pkg/my_py_pkg.egg-info/requires.txt
[0.921s] writing top-level names to ../../build/my_py_pkg/my_py_pkg.egg-info/top_level.txt
[0.921s] writing manifest file '../../build/my_py_pkg/my_py_pkg.egg-info/SOURCES.txt'
[0.941s] reading manifest file '../../build/my_py_pkg/my_py_pkg.egg-info/SOURCES.txt'
[0.941s] writing manifest file '../../build/my_py_pkg/my_py_pkg.egg-info/SOURCES.txt'
[0.941s] running build
[0.942s] running build_py
[0.942s] creating /home/ubuntu/Documents/legged_robots_ws/build/my_py_pkg/build
[0.942s] creating /home/ubuntu/Documents/legged_robots_ws/build/my_py_pkg/build/lib
[0.942s] creating /home/ubuntu/Documents/legged_robots_ws/build/my_py_pkg/build/lib/my_py_pkg
[0.942s] copying my_py_pkg/__init__.py -> /home/ubuntu/Documents/legged_robots_ws/build/my_py_pkg/build/lib/my_py_pkg
[0.942s] running install
[0.944s] running install_lib
[0.954s] creating /home/ubuntu/Documents/legged_robots_ws/install/my_py_pkg/lib/python3.12/site-packages/my_py_pkg
[0.954s] copying /home/ubuntu/Documents/legged_robots_ws/build/my_py_pkg/build/lib/my_py_pkg/__init__.py -> /home/ubuntu/Documents/legged_robots_ws/install/my_py_pkg/lib/python3.12/site-packages/my_py_pkg
[0.955s] byte-compiling /home/ubuntu/Documents/legged_robots_ws/install/my_py_pkg/lib/python3.12/site-packages/my_py_pkg/__init__.py to __init__.cpython-312.pyc
[0.955s] running install_data
[0.955s] creating /home/ubuntu/Documents/legged_robots_ws/install/my_py_pkg/share/ament_index
[0.956s] creating /home/ubuntu/Documents/legged_robots_ws/install/my_py_pkg/share/ament_index/resource_index
[0.956s] creating /home/ubuntu/Documents/legged_robots_ws/install/my_py_pkg/share/ament_index/resource_index/packages
[0.956s] copying resource/my_py_pkg -> /home/ubuntu/Documents/legged_robots_ws/install/my_py_pkg/share/ament_index/resource_index/packages
[0.956s] copying package.xml -> /home/ubuntu/Documents/legged_robots_ws/install/my_py_pkg/share/my_py_pkg
[0.956s] running install_egg_info
[0.966s] Copying ../../build/my_py_pkg/my_py_pkg.egg-info to /home/ubuntu/Documents/legged_robots_ws/install/my_py_pkg/lib/python3.12/site-packages/my_py_pkg-0.0.0-py3.12.egg-info
[0.966s] running install_scripts
[1.033s] writing list of installed files to '/home/ubuntu/Documents/legged_robots_ws/build/my_py_pkg/install.log'
[1.070s] Invoked command in '/home/ubuntu/Documents/legged_robots_ws/src/my_py_pkg' returned '0': PS1=(.venv) \[\e]0;\u@\h: \w\a\]${debian_chroot:+($debian_chroot)}\[\033[01;32m\]\u@\h\[\033[00m\]:\[\033[01;34m\]\w\[\033[00m\]\$ PYTHONPATH=/home/ubuntu/Documents/legged_robots_ws/build/my_py_pkg/prefix_override:/usr/lib/python3/dist-packages/colcon_core/task/python/colcon_distutils_commands:/home/ubuntu/Documents/legged_robots_ws/install/my_py_pkg/lib/python3.12/site-packages:${PYTHONPATH} VIRTUAL_ENV_PROMPT=(.venv) /usr/bin/python3 -W ignore:setup.py install is deprecated -W ignore:easy_install command is deprecated setup.py egg_info --egg-base ../../build/my_py_pkg build --build-base /home/ubuntu/Documents/legged_robots_ws/build/my_py_pkg/build install --record /home/ubuntu/Documents/legged_robots_ws/build/my_py_pkg/install.log --single-version-externally-managed install_data
