/home/ubuntu/Documents/legged_robots_ws/install/simulator/lib/python3.12/site-packages/simulator/__init__.py
/home/ubuntu/Documents/legged_robots_ws/install/simulator/lib/python3.12/site-packages/simulator/body.py
/home/ubuntu/Documents/legged_robots_ws/install/simulator/lib/python3.12/site-packages/simulator/pybullet_wrapper.py
/home/ubuntu/Documents/legged_robots_ws/install/simulator/lib/python3.12/site-packages/simulator/robot.py
/home/ubuntu/Documents/legged_robots_ws/install/simulator/lib/python3.12/site-packages/simulator/utilities.py
/home/ubuntu/Documents/legged_robots_ws/install/simulator/lib/python3.12/site-packages/simulator/objects.py
/home/ubuntu/Documents/legged_robots_ws/install/simulator/lib/python3.12/site-packages/simulator/__pycache__/__init__.cpython-312.pyc
/home/ubuntu/Documents/legged_robots_ws/install/simulator/lib/python3.12/site-packages/simulator/__pycache__/body.cpython-312.pyc
/home/ubuntu/Documents/legged_robots_ws/install/simulator/lib/python3.12/site-packages/simulator/__pycache__/pybullet_wrapper.cpython-312.pyc
/home/ubuntu/Documents/legged_robots_ws/install/simulator/lib/python3.12/site-packages/simulator/__pycache__/robot.cpython-312.pyc
/home/ubuntu/Documents/legged_robots_ws/install/simulator/lib/python3.12/site-packages/simulator/__pycache__/utilities.cpython-312.pyc
/home/ubuntu/Documents/legged_robots_ws/install/simulator/lib/python3.12/site-packages/simulator/__pycache__/objects.cpython-312.pyc
/home/ubuntu/Documents/legged_robots_ws/install/simulator/share/ament_index/resource_index/packages/simulator
/home/ubuntu/Documents/legged_robots_ws/install/simulator/share/simulator/package.xml
/home/ubuntu/Documents/legged_robots_ws/install/simulator/lib/python3.12/site-packages/simulator-0.0.0-py3.12.egg-info/PKG-INFO
/home/ubuntu/Documents/legged_robots_ws/install/simulator/lib/python3.12/site-packages/simulator-0.0.0-py3.12.egg-info/SOURCES.txt
/home/ubuntu/Documents/legged_robots_ws/install/simulator/lib/python3.12/site-packages/simulator-0.0.0-py3.12.egg-info/requires.txt
/home/ubuntu/Documents/legged_robots_ws/install/simulator/lib/python3.12/site-packages/simulator-0.0.0-py3.12.egg-info/zip-safe
/home/ubuntu/Documents/legged_robots_ws/install/simulator/lib/python3.12/site-packages/simulator-0.0.0-py3.12.egg-info/dependency_links.txt
/home/ubuntu/Documents/legged_robots_ws/install/simulator/lib/python3.12/site-packages/simulator-0.0.0-py3.12.egg-info/top_level.txt
