running egg_info
writing ../../build/bullet_sims/bullet_sims.egg-info/PKG-INFO
writing dependency_links to ../../build/bullet_sims/bullet_sims.egg-info/dependency_links.txt
writing entry points to ../../build/bullet_sims/bullet_sims.egg-info/entry_points.txt
writing requirements to ../../build/bullet_sims/bullet_sims.egg-info/requires.txt
writing top-level names to ../../build/bullet_sims/bullet_sims.egg-info/top_level.txt
reading manifest file '../../build/bullet_sims/bullet_sims.egg-info/SOURCES.txt'
writing manifest file '../../build/bullet_sims/bullet_sims.egg-info/SOURCES.txt'
running build
running build_py
running install
running install_lib
running install_data
copying resource/bullet_sims -> /home/ubuntu/Documents/legged_robots_ws/install/bullet_sims/share/ament_index/resource_index/packages
copying package.xml -> /home/ubuntu/Documents/legged_robots_ws/install/bullet_sims/share/bullet_sims
running install_egg_info
Copying ../../build/bullet_sims/bullet_sims.egg-info to /home/ubuntu/Documents/legged_robots_ws/install/bullet_sims/lib/python3.12/site-packages/bullet_sims-0.0.0-py3.12.egg-info
running install_scripts
Installing t2_temp script to /home/ubuntu/Documents/legged_robots_ws/install/bullet_sims/lib/bullet_sims
writing list of installed files to '/home/ubuntu/Documents/legged_robots_ws/build/bullet_sims/install.log'
