[0.507s] Invoking command in '/home/ubuntu/Documents/legged_robots_ws/src/bullet_sims': AMENT_PREFIX_PATH=/home/ubuntu/Documents/legged_robots_ws/install/reemc_description:${AMENT_PREFIX_PATH} CMAKE_PREFIX_PATH=/home/ubuntu/Documents/legged_robots_ws/install/reemc_description:${CMAKE_PREFIX_PATH} PYTHONPATH=/home/ubuntu/Documents/legged_robots_ws/build/bullet_sims/prefix_override:/usr/lib/python3/dist-packages/colcon_core/task/python/colcon_distutils_commands:/home/ubuntu/Documents/legged_robots_ws/install/bullet_sims/lib/python3.12/site-packages:${PYTHONPATH} VIRTUAL_ENV_PROMPT=(venv) /usr/bin/python3 -W ignore:setup.py install is deprecated -W ignore:easy_install command is deprecated setup.py egg_info --egg-base ../../build/bullet_sims build --build-base /home/ubuntu/Documents/legged_robots_ws/build/bullet_sims/build install --record /home/ubuntu/Documents/legged_robots_ws/build/bullet_sims/install.log --single-version-externally-managed install_data
[0.626s] running egg_info
[0.641s] writing ../../build/bullet_sims/bullet_sims.egg-info/PKG-INFO
[0.641s] writing dependency_links to ../../build/bullet_sims/bullet_sims.egg-info/dependency_links.txt
[0.641s] writing entry points to ../../build/bullet_sims/bullet_sims.egg-info/entry_points.txt
[0.642s] writing requirements to ../../build/bullet_sims/bullet_sims.egg-info/requires.txt
[0.642s] writing top-level names to ../../build/bullet_sims/bullet_sims.egg-info/top_level.txt
[0.654s] reading manifest file '../../build/bullet_sims/bullet_sims.egg-info/SOURCES.txt'
[0.655s] writing manifest file '../../build/bullet_sims/bullet_sims.egg-info/SOURCES.txt'
[0.655s] running build
[0.655s] running build_py
[0.655s] running install
[0.657s] running install_lib
[0.665s] running install_data
[0.665s] copying resource/bullet_sims -> /home/ubuntu/Documents/legged_robots_ws/install/bullet_sims/share/ament_index/resource_index/packages
[0.665s] copying package.xml -> /home/ubuntu/Documents/legged_robots_ws/install/bullet_sims/share/bullet_sims
[0.665s] running install_egg_info
[0.673s] Copying ../../build/bullet_sims/bullet_sims.egg-info to /home/ubuntu/Documents/legged_robots_ws/install/bullet_sims/lib/python3.12/site-packages/bullet_sims-0.0.0-py3.12.egg-info
[0.673s] running install_scripts
[0.725s] Installing t2_temp script to /home/ubuntu/Documents/legged_robots_ws/install/bullet_sims/lib/bullet_sims
[0.726s] writing list of installed files to '/home/ubuntu/Documents/legged_robots_ws/build/bullet_sims/install.log'
[0.739s] Invoked command in '/home/ubuntu/Documents/legged_robots_ws/src/bullet_sims' returned '0': AMENT_PREFIX_PATH=/home/ubuntu/Documents/legged_robots_ws/install/reemc_description:${AMENT_PREFIX_PATH} CMAKE_PREFIX_PATH=/home/ubuntu/Documents/legged_robots_ws/install/reemc_description:${CMAKE_PREFIX_PATH} PYTHONPATH=/home/ubuntu/Documents/legged_robots_ws/build/bullet_sims/prefix_override:/usr/lib/python3/dist-packages/colcon_core/task/python/colcon_distutils_commands:/home/ubuntu/Documents/legged_robots_ws/install/bullet_sims/lib/python3.12/site-packages:${PYTHONPATH} VIRTUAL_ENV_PROMPT=(venv) /usr/bin/python3 -W ignore:setup.py install is deprecated -W ignore:easy_install command is deprecated setup.py egg_info --egg-base ../../build/bullet_sims build --build-base /home/ubuntu/Documents/legged_robots_ws/build/bullet_sims/build install --record /home/ubuntu/Documents/legged_robots_ws/build/bullet_sims/install.log --single-version-externally-managed install_data
