running egg_info
writing ../../build/simulator/simulator.egg-info/PKG-INFO
writing dependency_links to ../../build/simulator/simulator.egg-info/dependency_links.txt
writing requirements to ../../build/simulator/simulator.egg-info/requires.txt
writing top-level names to ../../build/simulator/simulator.egg-info/top_level.txt
reading manifest file '../../build/simulator/simulator.egg-info/SOURCES.txt'
writing manifest file '../../build/simulator/simulator.egg-info/SOURCES.txt'
running build
running build_py
copying simulator/pybullet_wrapper.py -> /home/ubuntu/Documents/legged_robots_ws/build/simulator/build/lib/simulator
running install
running install_lib
copying /home/ubuntu/Documents/legged_robots_ws/build/simulator/build/lib/simulator/pybullet_wrapper.py -> /home/ubuntu/Documents/legged_robots_ws/install/simulator/lib/python3.12/site-packages/simulator
byte-compiling /home/ubuntu/Documents/legged_robots_ws/install/simulator/lib/python3.12/site-packages/simulator/pybullet_wrapper.py to pybullet_wrapper.cpython-312.pyc
running install_data
running install_egg_info
removing '/home/ubuntu/Documents/legged_robots_ws/install/simulator/lib/python3.12/site-packages/simulator-0.0.0-py3.12.egg-info' (and everything under it)
Copying ../../build/simulator/simulator.egg-info to /home/ubuntu/Documents/legged_robots_ws/install/simulator/lib/python3.12/site-packages/simulator-0.0.0-py3.12.egg-info
running install_scripts
writing list of installed files to '/home/ubuntu/Documents/legged_robots_ws/build/simulator/install.log'
