[0.792s] Invoking command in '/home/ubuntu/Documents/legged_robots_ws/src/simulator': PS1=(.venv) \[\e]0;\u@\h: \w\a\]${debian_chroot:+($debian_chroot)}\[\033[01;32m\]\u@\h\[\033[00m\]:\[\033[01;34m\]\w\[\033[00m\]\$ PYTHONPATH=/home/ubuntu/Documents/legged_robots_ws/build/simulator/prefix_override:/usr/lib/python3/dist-packages/colcon_core/task/python/colcon_distutils_commands:/home/ubuntu/Documents/legged_robots_ws/install/simulator/lib/python3.12/site-packages:${PYTHONPATH} VIRTUAL_ENV_PROMPT=(.venv) /usr/bin/python3 -W ignore:setup.py install is deprecated -W ignore:easy_install command is deprecated setup.py egg_info --egg-base ../../build/simulator build --build-base /home/ubuntu/Documents/legged_robots_ws/build/simulator/build install --record /home/ubuntu/Documents/legged_robots_ws/build/simulator/install.log --single-version-externally-managed install_data
[0.920s] running egg_info
[0.925s] writing ../../build/simulator/simulator.egg-info/PKG-INFO
[0.925s] writing dependency_links to ../../build/simulator/simulator.egg-info/dependency_links.txt
[0.925s] writing requirements to ../../build/simulator/simulator.egg-info/requires.txt
[0.925s] writing top-level names to ../../build/simulator/simulator.egg-info/top_level.txt
[0.940s] reading manifest file '../../build/simulator/simulator.egg-info/SOURCES.txt'
[0.940s] writing manifest file '../../build/simulator/simulator.egg-info/SOURCES.txt'
[0.940s] running build
[0.941s] running build_py
[0.941s] copying simulator/pybullet_wrapper.py -> /home/ubuntu/Documents/legged_robots_ws/build/simulator/build/lib/simulator
[0.941s] running install
[0.943s] running install_lib
[0.950s] copying /home/ubuntu/Documents/legged_robots_ws/build/simulator/build/lib/simulator/pybullet_wrapper.py -> /home/ubuntu/Documents/legged_robots_ws/install/simulator/lib/python3.12/site-packages/simulator
[0.950s] byte-compiling /home/ubuntu/Documents/legged_robots_ws/install/simulator/lib/python3.12/site-packages/simulator/pybullet_wrapper.py to pybullet_wrapper.cpython-312.pyc
[0.954s] running install_data
[0.954s] running install_egg_info
[0.967s] removing '/home/ubuntu/Documents/legged_robots_ws/install/simulator/lib/python3.12/site-packages/simulator-0.0.0-py3.12.egg-info' (and everything under it)
[0.967s] Copying ../../build/simulator/simulator.egg-info to /home/ubuntu/Documents/legged_robots_ws/install/simulator/lib/python3.12/site-packages/simulator-0.0.0-py3.12.egg-info
[0.968s] running install_scripts
[1.042s] writing list of installed files to '/home/ubuntu/Documents/legged_robots_ws/build/simulator/install.log'
[1.154s] Invoked command in '/home/ubuntu/Documents/legged_robots_ws/src/simulator' returned '0': PS1=(.venv) \[\e]0;\u@\h: \w\a\]${debian_chroot:+($debian_chroot)}\[\033[01;32m\]\u@\h\[\033[00m\]:\[\033[01;34m\]\w\[\033[00m\]\$ PYTHONPATH=/home/ubuntu/Documents/legged_robots_ws/build/simulator/prefix_override:/usr/lib/python3/dist-packages/colcon_core/task/python/colcon_distutils_commands:/home/ubuntu/Documents/legged_robots_ws/install/simulator/lib/python3.12/site-packages:${PYTHONPATH} VIRTUAL_ENV_PROMPT=(.venv) /usr/bin/python3 -W ignore:setup.py install is deprecated -W ignore:easy_install command is deprecated setup.py egg_info --egg-base ../../build/simulator build --build-base /home/ubuntu/Documents/legged_robots_ws/build/simulator/build install --record /home/ubuntu/Documents/legged_robots_ws/build/simulator/install.log --single-version-externally-managed install_data
