[1.134s] Invoking command in '/home/ubuntu/Documents/legged_robots_ws/src/ros_visuals': PYTHONPATH=/home/ubuntu/Documents/legged_robots_ws/build/ros_visuals/prefix_override:/usr/lib/python3/dist-packages/colcon_core/task/python/colcon_distutils_commands:/home/ubuntu/Documents/legged_robots_ws/install/ros_visuals/lib/python3.12/site-packages:${PYTHONPATH} VIRTUAL_ENV_PROMPT=(venv) /usr/bin/python3 -W ignore:setup.py install is deprecated -W ignore:easy_install command is deprecated setup.py egg_info --egg-base ../../build/ros_visuals build --build-base /home/ubuntu/Documents/legged_robots_ws/build/ros_visuals/build install --record /home/ubuntu/Documents/legged_robots_ws/build/ros_visuals/install.log --single-version-externally-managed install_data
[1.248s] running egg_info
[1.255s] writing ../../build/ros_visuals/ros_visuals.egg-info/PKG-INFO
[1.256s] writing dependency_links to ../../build/ros_visuals/ros_visuals.egg-info/dependency_links.txt
[1.256s] writing entry points to ../../build/ros_visuals/ros_visuals.egg-info/entry_points.txt
[1.256s] writing requirements to ../../build/ros_visuals/ros_visuals.egg-info/requires.txt
[1.256s] writing top-level names to ../../build/ros_visuals/ros_visuals.egg-info/top_level.txt
[1.281s] reading manifest file '../../build/ros_visuals/ros_visuals.egg-info/SOURCES.txt'
[1.282s] writing manifest file '../../build/ros_visuals/ros_visuals.egg-info/SOURCES.txt'
[1.282s] running build
[1.282s] running build_py
[1.284s] running install
[1.289s] running install_lib
[1.297s] running install_data
[1.301s] running install_egg_info
[1.314s] removing '/home/ubuntu/Documents/legged_robots_ws/install/ros_visuals/lib/python3.12/site-packages/ros_visuals-0.0.0-py3.12.egg-info' (and everything under it)
[1.314s] Copying ../../build/ros_visuals/ros_visuals.egg-info to /home/ubuntu/Documents/legged_robots_ws/install/ros_visuals/lib/python3.12/site-packages/ros_visuals-0.0.0-py3.12.egg-info
[1.315s] running install_scripts
[1.367s] Installing coordinate_pub script to /home/ubuntu/Documents/legged_robots_ws/install/ros_visuals/lib/ros_visuals
[1.367s] Installing pub script to /home/ubuntu/Documents/legged_robots_ws/install/ros_visuals/lib/ros_visuals
[1.367s] Installing sub script to /home/ubuntu/Documents/legged_robots_ws/install/ros_visuals/lib/ros_visuals
[1.367s] Installing t12 script to /home/ubuntu/Documents/legged_robots_ws/install/ros_visuals/lib/ros_visuals
[1.367s] writing list of installed files to '/home/ubuntu/Documents/legged_robots_ws/build/ros_visuals/install.log'
