[0.497s] Invoking command in '/home/ubuntu/Documents/legged_robots_ws/build/talos_description': CMAKE_PREFIX_PATH=${CMAKE_PREFIX_PATH}:/opt/ros/rolling VIRTUAL_ENV_PROMPT=(venv) /usr/bin/cmake --build /home/ubuntu/Documents/legged_robots_ws/build/talos_description -- -j10 -l10
[0.572s] Invoked command in '/home/ubuntu/Documents/legged_robots_ws/build/talos_description' returned '0': CMAKE_PREFIX_PATH=${CMAKE_PREFIX_PATH}:/opt/ros/rolling VIRTUAL_ENV_PROMPT=(venv) /usr/bin/cmake --build /home/ubuntu/Documents/legged_robots_ws/build/talos_description -- -j10 -l10
[0.577s] Invoking command in '/home/ubuntu/Documents/legged_robots_ws/build/talos_description': CMAKE_PREFIX_PATH=${CMAKE_PREFIX_PATH}:/opt/ros/rolling VIRTUAL_ENV_PROMPT=(venv) /usr/bin/cmake --install /home/ubuntu/Documents/legged_robots_ws/build/talos_description
[0.586s] -- Install configuration: ""
[0.595s] -- Up-to-date: /home/ubuntu/Documents/legged_robots_ws/install/talos_description/share/ament_index/resource_index/package_run_dependencies/talos_description
[0.595s] -- Up-to-date: /home/ubuntu/Documents/legged_robots_ws/install/talos_description/share/ament_index/resource_index/parent_prefix_path/talos_description
[0.596s] -- Up-to-date: /home/ubuntu/Documents/legged_robots_ws/install/talos_description/share/talos_description/environment/ament_prefix_path.sh
[0.596s] -- Up-to-date: /home/ubuntu/Documents/legged_robots_ws/install/talos_description/share/talos_description/environment/ament_prefix_path.dsv
[0.597s] -- Up-to-date: /home/ubuntu/Documents/legged_robots_ws/install/talos_description/share/talos_description/environment/path.sh
[0.597s] -- Up-to-date: /home/ubuntu/Documents/legged_robots_ws/install/talos_description/share/talos_description/environment/path.dsv
[0.597s] -- Up-to-date: /home/ubuntu/Documents/legged_robots_ws/install/talos_description/share/talos_description/local_setup.bash
[0.597s] -- Up-to-date: /home/ubuntu/Documents/legged_robots_ws/install/talos_description/share/talos_description/local_setup.sh
[0.597s] -- Up-to-date: /home/ubuntu/Documents/legged_robots_ws/install/talos_description/share/talos_description/local_setup.zsh
[0.597s] -- Up-to-date: /home/ubuntu/Documents/legged_robots_ws/install/talos_description/share/talos_description/local_setup.dsv
[0.597s] -- Installing: /home/ubuntu/Documents/legged_robots_ws/install/talos_description/share/talos_description/package.dsv
[0.597s] -- Up-to-date: /home/ubuntu/Documents/legged_robots_ws/install/talos_description/share/ament_index/resource_index/packages/talos_description
[0.598s] -- Up-to-date: /home/ubuntu/Documents/legged_robots_ws/install/talos_description/share/talos_description/cmake/talos_descriptionConfig.cmake
[0.598s] -- Up-to-date: /home/ubuntu/Documents/legged_robots_ws/install/talos_description/share/talos_description/cmake/talos_descriptionConfig-version.cmake
[0.598s] -- Up-to-date: /home/ubuntu/Documents/legged_robots_ws/install/talos_description/share/talos_description/package.xml
[0.715s] Invoked command in '/home/ubuntu/Documents/legged_robots_ws/build/talos_description' returned '0': CMAKE_PREFIX_PATH=${CMAKE_PREFIX_PATH}:/opt/ros/rolling VIRTUAL_ENV_PROMPT=(venv) /usr/bin/cmake --install /home/ubuntu/Documents/legged_robots_ws/build/talos_description
